08-28 01:40:57.094  5856  5876 W HWUI    : Failed to initialize 101010-2 format, error = EGL_SUCCESS
08-28 01:40:57.137  5856  5856 D AppCompatDelegate: Checking for metadata for AppLocalesMetadataHolderService : Service not found
08-28 01:40:57.138  5856  5856 I nhorn.metronomo: AssetManager2(0x7a5310c0a378) locale list changing from [] to [en-US]
08-28 01:40:57.144  5856  5856 E ashmem  : Pinning is deprecated since Android Q. Please use trim or other methods.
08-28 01:40:57.355  5856  5856 W unknown:BridgelessReact: ReactHost{0}.startSurface(surfaceId = 0): Schedule
08-28 01:40:57.355  5856  5856 W unknown:BridgelessReact: ReactHost{0}.attachSurface(surfaceId = 0)
08-28 01:40:57.357  5856  5883 W unknown:BridgelessReact: ReactHost{0}.getOrCreateReactInstanceTask()
08-28 01:40:57.357  5856  5883 W unknown:BridgelessReact: ReactHost{0}.getOrCreateReactInstanceTask(): Start
08-28 01:40:57.357  5856  5883 W unknown:BridgelessReact: ReactHost{0}.getJSBundleLoader()
08-28 01:40:57.357  5856  5883 W unknown:BridgelessReact: ReactHost{0}.isMetroRunning()
08-28 01:40:57.361  5856  5856 D CompatChangeReporter: Compat change id reported: 309578419; UID 10219; state: ENABLED
08-28 01:40:57.363  5856  5856 D DesktopModeFlags: Toggle override initialized to: OVERRIDE_UNSET
08-28 01:40:57.391  5856  5856 I nhorn.metronomo: hiddenapi: Accessing hidden method Landroid/view/ViewGroup;->makeOptionalFitsSystemWindows()V (runtime_flags=0, domain=platform, api=unsupported) from Landroidx/appcompat/widget/ViewUtils; (domain=app) using reflection: allowed
08-28 01:40:57.401  5856  5856 W unknown:BridgelessReact: ReactHost{0}.onHostResume(activity)
08-28 01:40:57.402  5856  5856 W unknown:ReactNative: Packager connection already open, nooping.
08-28 01:40:57.404  5856  5856 D CompatChangeReporter: Compat change id reported: 352594277; UID 10219; state: ENABLED
08-28 01:40:57.412  5856  5856 D CompatChangeReporter: Compat change id reported: 349153669; UID 10219; state: ENABLED
08-28 01:40:57.415  5856  5856 W HWUI    : Unknown dataspace 0
08-28 01:40:57.418  5856  5884 W unknown:BridgelessReact: ReactHost{0}.isMetroRunning(): Async result = true
08-28 01:40:57.421  5856  5883 W unknown:BridgelessReact: ReactHost{0}.loadJSBundleFromMetro()
08-28 01:40:57.425  5856  5883 D CompatChangeReporter: Compat change id reported: 270674727; UID 10219; state: ENABLED
08-28 01:40:57.445   695  1742 D CoreBackPreview: Window{3b913a8 u0 com.estebanhorn.metronomo/com.estebanhorn.metronomo.MainActivity}: Setting back callback OnBackInvokedCallbackInfo{mCallback=android.window.IOnBackInvokedCallback$Stub$Proxy@e83666, mPriority=0, mIsAnimationCallback=false, mOverrideBehavior=0}
08-28 01:40:57.523   695   721 I ActivityTaskManager: Displayed com.estebanhorn.metronomo/.MainActivity for user 0: +1s310ms
08-28 01:40:57.532  5856  5856 D CompatChangeReporter: Compat change id reported: 63938206; UID 10219; state: ENABLED
08-28 01:40:57.552   695   796 W InputDispatcher: Not sending touch gesture to 8a9d583 ActivityRecordInputSink com.estebanhorn.metronomo/.MainActivity because it has config NO_INPUT_CHANNEL
08-28 01:40:57.588   695  1724 D CoreBackPreview: Window{27dac3e u0 PopupWindow:d5f968b}: Setting back callback OnBackInvokedCallbackInfo{mCallback=android.window.IOnBackInvokedCallback$Stub$Proxy@e4107ec, mPriority=0, mIsAnimationCallback=false, mOverrideBehavior=0}
08-28 01:40:57.698  5856  5856 W unknown:BridgelessReact: ReactHost{0}.raiseSoftException(onWindowFocusChange(hasFocus = "true")): Tried to access onWindowFocusChange while context is not ready
08-28 01:40:57.701  5856  5856 E unknown:ReactHost: Unhandled SoftException
08-28 01:40:57.701  5856  5856 E unknown:ReactHost: com.facebook.react.bridge.ReactNoCrashSoftException: raiseSoftException(onWindowFocusChange(hasFocus = "true")): Tried to access onWindowFocusChange while context is not ready
08-28 01:40:57.701  5856  5856 E unknown:ReactHost: 	at com.facebook.react.runtime.ReactHostImpl.raiseSoftException(ReactHostImpl.java:1025)
08-28 01:40:57.701  5856  5856 E unknown:ReactHost: 	at com.facebook.react.runtime.ReactHostImpl.raiseSoftException(ReactHostImpl.java:1018)
08-28 01:40:57.701  5856  5856 E unknown:ReactHost: 	at com.facebook.react.runtime.ReactHostImpl.onWindowFocusChange(ReactHostImpl.java:790)
08-28 01:40:57.701  5856  5856 E unknown:ReactHost: 	at com.facebook.react.ReactDelegate.onWindowFocusChanged(ReactDelegate.java:199)
08-28 01:40:57.701  5856  5856 E unknown:ReactHost: 	at com.facebook.react.ReactActivityDelegate.onWindowFocusChanged(ReactActivityDelegate.java:216)
08-28 01:40:57.701  5856  5856 E unknown:ReactHost: 	at expo.modules.ReactActivityDelegateWrapper$onWindowFocusChanged$1.invokeSuspend(ReactActivityDelegateWrapper.kt:353)
08-28 01:40:57.701  5856  5856 E unknown:ReactHost: 	at expo.modules.ReactActivityDelegateWrapper$onWindowFocusChanged$1.invoke(Unknown Source:8)
08-28 01:40:57.701  5856  5856 E unknown:ReactHost: 	at expo.modules.ReactActivityDelegateWrapper$onWindowFocusChanged$1.invoke(Unknown Source:4)
08-28 01:40:57.701  5856  5856 E unknown:ReactHost: 	at expo.modules.ReactActivityDelegateWrapper$launchLifecycleScopeWithLock$1.invokeSuspend(ReactActivityDelegateWrapper.kt:485)
08-28 01:40:57.701  5856  5856 E unknown:ReactHost: 	at kotlin.coroutines.jvm.internal.BaseContinuationImpl.resumeWith(ContinuationImpl.kt:33)
08-28 01:40:57.701  5856  5856 E unknown:ReactHost: 	at kotlinx.coroutines.internal.DispatchedContinuationKt.resumeCancellableWith(DispatchedContinuation.kt:367)
08-28 01:40:57.701  5856  5856 E unknown:ReactHost: 	at kotlinx.coroutines.intrinsics.CancellableKt.startCoroutineCancellable(Cancellable.kt:30)
08-28 01:40:57.701  5856  5856 E unknown:ReactHost: 	at kotlinx.coroutines.intrinsics.CancellableKt.startCoroutineCancellable$default(Cancellable.kt:25)
08-28 01:40:57.701  5856  5856 E unknown:ReactHost: 	at kotlinx.coroutines.CoroutineStart.invoke(CoroutineStart.kt:110)
08-28 01:40:57.701  5856  5856 E unknown:ReactHost: 	at kotlinx.coroutines.AbstractCoroutine.start(AbstractCoroutine.kt:126)
08-28 01:40:57.701  5856  5856 E unknown:ReactHost: 	at kotlinx.coroutines.BuildersKt__Builders_commonKt.launch(Builders.common.kt:56)
08-28 01:40:57.701  5856  5856 E unknown:ReactHost: 	at kotlinx.coroutines.BuildersKt.launch(Unknown Source:1)
08-28 01:40:57.701  5856  5856 E unknown:ReactHost: 	at kotlinx.coroutines.BuildersKt__Builders_commonKt.launch$default(Builders.common.kt:47)
08-28 01:40:57.701  5856  5856 E unknown:ReactHost: 	at kotlinx.coroutines.BuildersKt.launch$default(Unknown Source:1)
08-28 01:40:57.701  5856  5856 E unknown:ReactHost: 	at expo.modules.ReactActivityDelegateWrapper.launchLifecycleScopeWithLock(ReactActivityDelegateWrapper.kt:483)
08-28 01:40:57.701  5856  5856 E unknown:ReactHost: 	at expo.modules.ReactActivityDelegateWrapper.launchLifecycleScopeWithLock$default(ReactActivityDelegateWrapper.kt:479)
08-28 01:40:57.701  5856  5856 E unknown:ReactHost: 	at expo.modules.ReactActivityDelegateWrapper.onWindowFocusChanged(ReactActivityDelegateWrapper.kt:351)
08-28 01:40:57.701  5856  5856 E unknown:ReactHost: 	at com.facebook.react.ReactActivity.onWindowFocusChanged(ReactActivity.java:138)
08-28 01:40:57.701  5856  5856 E unknown:ReactHost: 	at androidx.appcompat.view.WindowCallbackWrapper.onWindowFocusChanged(WindowCallbackWrapper.java:124)
08-28 01:40:57.701  5856  5856 E unknown:ReactHost: 	at com.android.internal.policy.DecorView.onWindowFocusChanged(DecorView.java:1818)
08-28 01:40:57.701  5856  5856 E unknown:ReactHost: 	at android.view.View.dispatchWindowFocusChanged(View.java:16952)
08-28 01:40:57.701  5856  5856 E unknown:ReactHost: 	at android.view.ViewGroup.dispatchWindowFocusChanged(ViewGroup.java:1530)
08-28 01:40:57.701  5856  5856 E unknown:ReactHost: 	at android.view.ViewRootImpl.dispatchFocusEvent(ViewRootImpl.java:4872)
08-28 01:40:57.701  5856  5856 E unknown:ReactHost: 	at android.view.ViewRootImpl.handleWindowFocusChanged(ViewRootImpl.java:4776)
08-28 01:40:57.701  5856  5856 E unknown:ReactHost: 	at android.view.ViewRootImpl.-$$Nest$mhandleWindowFocusChanged(Unknown Source:0)
08-28 01:40:57.701  5856  5856 E unknown:ReactHost: 	at android.view.ViewRootImpl$ViewRootHandler.handleMessageImpl(ViewRootImpl.java:7016)
08-28 01:40:57.701  5856  5856 E unknown:ReactHost: 	at android.view.ViewRootImpl$ViewRootHandler.handleMessage(ViewRootImpl.java:6926)
08-28 01:40:57.701  5856  5856 E unknown:ReactHost: 	at android.os.Handler.dispatchMessage(Handler.java:110)
08-28 01:40:57.701  5856  5856 E unknown:ReactHost: 	at android.os.Looper.loopOnce(Looper.java:248)
08-28 01:40:57.701  5856  5856 E unknown:ReactHost: 	at android.os.Looper.loop(Looper.java:338)
08-28 01:40:57.701  5856  5856 E unknown:ReactHost: 	at android.app.ActivityThread.main(ActivityThread.java:9067)
08-28 01:40:57.701  5856  5856 E unknown:ReactHost: 	at java.lang.reflect.Method.invoke(Native Method)
08-28 01:40:57.701  5856  5856 E unknown:ReactHost: 	at com.android.internal.os.RuntimeInit$MethodAndArgsCaller.run(RuntimeInit.java:593)
08-28 01:40:57.701  5856  5856 E unknown:ReactHost: 	at com.android.internal.os.ZygoteInit.main(ZygoteInit.java:932)
08-28 01:40:57.705   695   805 I ImeTracker: com.estebanhorn.metronomo:9b5f7b8d: onRequestHide at ORIGIN_SERVER reason HIDE_UNSPECIFIED_WINDOW fromUser false
08-28 01:40:57.709  5856  5856 D InsetsController: hide(ime(), fromIme=false)
08-28 01:40:57.710  5856  5856 I ImeTracker: com.estebanhorn.metronomo:9b5f7b8d: onCancelled at PHASE_CLIENT_ALREADY_HIDDEN
08-28 01:40:57.712  1340  1340 I GoogleInputMethodService: GoogleInputMethodService.onFinishInput():2054 
08-28 01:40:57.713  1340  1340 I Module  : DeviceLockedStatusModuleProvider$Module.updateDeviceLockedStatus():100 repeatCheckTimes = 0, locked = false
08-28 01:40:57.717  1340  1340 I GoogleInputMethodService: GoogleInputMethodService.onStartInput():1315 onStartInput(EditorInfo{EditorInfo{packageName=com.estebanhorn.metronomo, inputType=0, inputTypeString=NULL, enableLearning=false, autoCorrection=false, autoComplete=false, imeOptions=0, privateImeOptions=null, actionName=UNSPECIFIED, actionLabel=null, initialSelStart=-1, initialSelEnd=-1, initialCapsMode=0, label=null, fieldId=0, fieldName=null, extras=null, hintText=null, hintLocales=[]}}, false)
08-28 01:40:57.725  1340  1340 I Module  : DeviceLockedStatusModuleProvider$Module.updateDeviceLockedStatus():100 repeatCheckTimes = 1, locked = false
08-28 01:40:57.726   695  1742 I ImeTracker: system_server:19c54ecd: onRequestHide at ORIGIN_SERVER reason IME_REQUESTED_CHANGED_LISTENER fromUser false
08-28 01:40:57.729   695   724 I ImeTracker: system_server:19c54ecd: onCancelled at PHASE_SERVER_SHOULD_HIDE
08-28 01:40:57.729   695  1170 W PackageConfigPersister: App-specific configuration not found for packageName: com.estebanhorn.metronomo and userId: 0
08-28 01:40:57.744  4899  5659 I ReactNativeJNI: Memory warning (pressure level: TRIM_MEMORY_UI_HIDDEN) received by JS VM, ignoring because it's non-severe
08-28 01:40:57.753   695   886 D BackgroundInstallControlService: Package event received: 0
08-28 01:40:57.892   605   605 W IPCThreadState: Sending oneway calls to frozen process.
08-28 01:40:57.894   928  1005 W WindowOnBackDispatcher: sendCancelIfRunning: isInProgress=false callback=android.view.ViewRootImpl$$ExternalSyntheticLambda13@172cfe4
08-28 01:40:57.894   695  1742 D CoreBackPreview: Window{c734df5 u0 Splash Screen com.estebanhorn.metronomo EXITING}: Setting back callback null
08-28 01:40:57.925  1274  2228 I FontLog : (REDACTED) Received query %s, URI %s
08-28 01:40:57.925  1274  2228 I FontLog : (REDACTED) Query [%s] resolved to %s
08-28 01:40:57.926  1274  2228 I FontLog : (REDACTED) Fetch %s end status %s
08-28 01:40:57.933  1274  1803 I FontLog : (REDACTED) Pulling font file for id = %d, cache size = %d
08-28 01:40:57.939  1274  1803 I FontLog : (REDACTED) Pulling font file for id = %d, cache size = %d
08-28 01:40:58.192  5856  5856 E unknown:ReactNative: Got DOWN touch before receiving UP or CANCEL from last gesture
08-28 01:40:58.229  5856  5863 I nhorn.metronomo: Compiler allocated 5042KB to compile void android.view.ViewRootImpl.performTraversals()
08-28 01:40:58.283  4899  5840 I FA      : Application backgrounded at: timestamp_millis: 1756345256280
08-28 01:40:59.042  5856  5884 W unknown:BridgelessReact: ReactHost{0}.loadJSBundleFromMetro(): Creating BundleLoader
08-28 01:40:59.043  5856  5856 W WindowOnBackDispatcher: sendCancelIfRunning: isInProgress=false callback=android.view.ViewRootImpl$$ExternalSyntheticLambda13@6ac26
08-28 01:40:59.043   695  1742 D CoreBackPreview: Window{27dac3e u0 PopupWindow:d5f968b}: Setting back callback null
08-28 01:40:59.043  5856  5883 W unknown:BridgelessReact: ReactHost{0}.getOrCreateReactContext(): Creating BridgelessReactContext
08-28 01:40:59.048  5856  5883 W unknown:BridgelessReact: ReactHost{0}.getOrCreateReactInstanceTask(): Creating ReactInstance
08-28 01:40:59.175  5856  5883 D nativeloader: Load /data/app/~~V4TQBWXyVSgW8N7HFiCZmg==/com.estebanhorn.metronomo--agS5uMAk9uAq8aYcmeNBA==/base.apk!/lib/x86_64/libhermes.so using class loader ns clns-9 (caller=/data/app/~~V4TQBWXyVSgW8N7HFiCZmg==/com.estebanhorn.metronomo--agS5uMAk9uAq8aYcmeNBA==/base.apk): ok
08-28 01:40:59.178  5856  5883 D nativeloader: Load /data/app/~~V4TQBWXyVSgW8N7HFiCZmg==/com.estebanhorn.metronomo--agS5uMAk9uAq8aYcmeNBA==/base.apk!/lib/x86_64/libhermestooling.so using class loader ns clns-9 (caller=/data/app/~~V4TQBWXyVSgW8N7HFiCZmg==/com.estebanhorn.metronomo--agS5uMAk9uAq8aYcmeNBA==/base.apk): ok
08-28 01:40:59.178  5856  5883 D jni_lib_merge: Entering merged library JNI_OnLoad.
08-28 01:40:59.178  5856  5883 D jni_lib_merge: Preparing 4 pre-merged libs (including stub)
08-28 01:40:59.178  5856  5883 D jni_lib_merge: Preparing to register libhermes_executor_so.  onload_func: 0x7a5085f9e750
08-28 01:40:59.178  5856  5883 D jni_lib_merge: Preparing to register libhermesinstancejni_so.  onload_func: 0x7a5085fd7100
08-28 01:40:59.178  5856  5883 D jni_lib_merge: Preparing to register libjsijniprofiler_so.  onload_func: 0x7a5085fd9180
08-28 01:40:59.178  5856  5883 D jni_lib_merge: About to register 3 actual methods.
08-28 01:40:59.730   695  1531 E TaskPersister: File error accessing recents directory (directory doesn't exist?).
08-28 01:41:00.245  5856  5883 I ExpoModulesCore:  AppContext was initialized
08-28 01:41:00.299  5856  5883 W unknown:BridgelessReact: ReactHost{0}.getOrCreateReactInstanceTask(): Loading JS Bundle
08-28 01:41:00.300  5856  5883 W unknown:BridgelessReact: ReactHost{0}.getOrCreateReactInstanceTask(): Calling DevSupportManagerBase.onNewReactContextCreated(reactContext)
08-28 01:41:00.307  5856  5883 W unknown:BridgelessReact: ReactHost{0}.startSurface(surfaceId = 0): Execute
08-28 01:41:00.307  5856  5856 W unknown:ReactNative: Packager connection already open, nooping.
08-28 01:41:00.307  5856  5856 W unknown:BridgelessReact: ReactContext.onHostResume()
08-28 01:41:00.314  5856  5856 W unknown:BridgelessReact: ReactHost{0}.getOrCreateReactInstanceTask(): Executing ReactInstanceEventListeners
08-28 01:41:00.490  5856  5897 I nhorn.metronomo: AssetManager2(0x7a5310c0a698) locale list changing from [] to [en-US]
08-28 01:41:00.490  5856  5897 I WebViewFactory: Loading com.google.android.webview version 139.0.7258.95 (code 725809538)
08-28 01:41:00.490  5856  5897 I nhorn.metronomo: AssetManager2(0x7a5310c19418) locale list changing from [] to [en-US]
08-28 01:41:00.491  5856  5897 I nhorn.metronomo: AssetManager2(0x7a5310c0bc78) locale list changing from [] to [en-US]
08-28 01:41:00.491  5856  5897 I nhorn.metronomo: AssetManager2(0x7a5310c10138) locale list changing from [] to [en-US]
08-28 01:41:00.492  5856  5897 I nhorn.metronomo: AssetManager2(0x7a5310c23698) locale list changing from [] to [en-US]
08-28 01:41:00.492  5856  5897 V ResourcesManager: The following library key has been added: ResourcesKey{ mHash=40657468 mResDir=null mSplitDirs=[] mOverlayDirs=[] mLibDirs=[/data/app/~~8aNb3RJjzXp6-FOom65ARQ==/com.google.android.webview-SA1lV-nFJylxwNgWnVIUKg==/base.apk,/data/app/~~TocM06lXQ9VTaKf0dPHG1w==/com.google.android.trichromelibrary_725809538-2mc5J7mlvsT39Fvu1XX79w==/base.apk,/system_ext/framework/androidx.window.extensions.jar] mDisplayId=0 mOverrideConfig=v36 mCompatInfo={480dpi always-compat} mLoaders=[]}
08-28 01:41:00.494  5856  5897 W nhorn.metronomo: Failed to find entry 'classes.dex': Entry not found
08-28 01:41:00.494  5856  5897 D nativeloader: Configuring clns-10 for other apk /data/app/~~TocM06lXQ9VTaKf0dPHG1w==/com.google.android.trichromelibrary_725809538-2mc5J7mlvsT39Fvu1XX79w==/base.apk. target_sdk_version=35, uses_libraries=ALL, library_path=/data/app/~~8aNb3RJjzXp6-FOom65ARQ==/com.google.android.webview-SA1lV-nFJylxwNgWnVIUKg==/lib/x86_64:/data/app/~~8aNb3RJjzXp6-FOom65ARQ==/com.google.android.webview-SA1lV-nFJylxwNgWnVIUKg==/base.apk!/lib/x86_64:/data/app/~~TocM06lXQ9VTaKf0dPHG1w==/com.google.android.trichromelibrary_725809538-2mc5J7mlvsT39Fvu1XX79w==/base.apk!/lib/x86_64, permitted_path=/data:/mnt/expand
08-28 01:41:00.497  5856  5897 D ApplicationLoaders: Returning zygote-cached class loader: /system_ext/framework/androidx.window.extensions.jar
08-28 01:41:00.498  5856  5897 D nativeloader: Configuring clns-11 for other apk /data/app/~~8aNb3RJjzXp6-FOom65ARQ==/com.google.android.webview-SA1lV-nFJylxwNgWnVIUKg==/base.apk. target_sdk_version=35, uses_libraries=, library_path=/data/app/~~8aNb3RJjzXp6-FOom65ARQ==/com.google.android.webview-SA1lV-nFJylxwNgWnVIUKg==/lib/x86_64:/data/app/~~8aNb3RJjzXp6-FOom65ARQ==/com.google.android.webview-SA1lV-nFJylxwNgWnVIUKg==/base.apk!/lib/x86_64:/data/app/~~TocM06lXQ9VTaKf0dPHG1w==/com.google.android.trichromelibrary_725809538-2mc5J7mlvsT39Fvu1XX79w==/base.apk!/lib/x86_64, permitted_path=/data:/mnt/expand
08-28 01:41:00.591  5856  5896 D nativeloader: Load /data/app/~~V4TQBWXyVSgW8N7HFiCZmg==/com.estebanhorn.metronomo--agS5uMAk9uAq8aYcmeNBA==/base.apk!/lib/x86_64/libexpo-modules-core.so using class loader ns clns-9 (caller=/data/app/~~V4TQBWXyVSgW8N7HFiCZmg==/com.estebanhorn.metronomo--agS5uMAk9uAq8aYcmeNBA==/base.apk): ok
08-28 01:41:00.598  5856  5897 I cr_WVCFactoryProvider: version=139.0.7258.95 (725809538) minSdkVersion=29 multiprocess=true packageId=2 splits=<none>
08-28 01:41:00.603  5856  5897 D nativeloader: Load /data/app/~~TocM06lXQ9VTaKf0dPHG1w==/com.google.android.trichromelibrary_725809538-2mc5J7mlvsT39Fvu1XX79w==/base.apk!/lib/x86_64/libmonochrome_64.so using class loader ns clns-11 (caller=/data/app/~~8aNb3RJjzXp6-FOom65ARQ==/com.google.android.webview-SA1lV-nFJylxwNgWnVIUKg==/base.apk): ok
08-28 01:41:00.605  5856  5896 W unknown:ViewManagerPropertyUpdater: Could not find generated setter for class com.facebook.react.views.debuggingoverlay.DebuggingOverlayManager
08-28 01:41:00.606  5856  5897 D nativeloader: Load /system/lib64/libwebviewchromium_plat_support.so using class loader ns clns-11 (caller=/data/app/~~8aNb3RJjzXp6-FOom65ARQ==/com.google.android.webview-SA1lV-nFJylxwNgWnVIUKg==/base.apk): ok
08-28 01:41:00.609  5856  5908 E chromium: [0828/014100.609334:ERROR:android_webview/browser/variations/variations_seed_loader.cc:39] Seed missing signature.
08-28 01:41:00.609  5856  5908 I chromium: [0828/014100.609571:INFO:android_webview/browser/variations/variations_seed_loader.cc:67] Failed to open file for reading.: No such file or directory (2)
08-28 01:41:00.610  5856  5896 W unknown:ViewManagerPropertyUpdater: Could not find generated setter for class com.facebook.react.uimanager.LayoutShadowNode
08-28 01:41:00.616  5856  5896 W unknown:ViewManagerPropertyUpdater: Could not find generated setter for class com.facebook.react.views.safeareaview.ReactSafeAreaViewManager
08-28 01:41:00.616   695   886 D BackgroundInstallControlService: Package event received: 0
08-28 01:41:00.616  5856  5896 W unknown:ViewManagerPropertyUpdater: Could not find generated setter for class com.facebook.react.views.safeareaview.ReactSafeAreaViewShadowNode
08-28 01:41:00.617   695   769 D ActivityManager: sync unfroze 4768 com.google.android.webview:webview_service for 6
08-28 01:41:00.620   695   886 D BackgroundInstallControlService: Package event received: 0
08-28 01:41:00.622  4768  4768 D ActivityThread: Package [com.estebanhorn.metronomo] reported as REPLACED, but missing application info. Assuming REMOVED.
08-28 01:41:00.623  5856  5897 I cr_LibraryLoader: Successfully loaded native library
08-28 01:41:00.623  5856  5897 I cr_CachingUmaRecorder: Flushed 13 samples from 13 histograms, 0 samples were dropped.
08-28 01:41:00.623  4768  4768 D ActivityThread: Package [com.estebanhorn.metronomo] reported as REPLACED, but missing application info. Assuming REMOVED.
08-28 01:41:00.624  4768  4768 D ActivityThread: Package [com.estebanhorn.metronomo] reported as REPLACED, but missing application info. Assuming REMOVED.
08-28 01:41:00.624  4768  4768 D ActivityThread: Package [com.estebanhorn.metronomo] reported as REPLACED, but missing application info. Assuming REMOVED.
08-28 01:41:00.629  5856  5896 W unknown:ViewManagerPropertyUpdater: Could not find generated setter for class com.facebook.react.views.modal.ReactModalHostManager
08-28 01:41:00.633   695   886 D BackgroundInstallControlService: Package event received: 0
08-28 01:41:00.633   695   886 D BackgroundInstallControlService: Package event received: 0
08-28 01:41:00.637  5856  5896 W unknown:ViewManagerPropertyUpdater: Could not find generated setter for class com.facebook.react.views.text.frescosupport.FrescoBasedReactTextInlineImageViewManager
08-28 01:41:00.638  5856  5896 W unknown:ViewManagerPropertyUpdater: Could not find generated setter for class com.facebook.react.views.text.frescosupport.FrescoBasedReactTextInlineImageShadowNode
08-28 01:41:00.643  5856  5896 W unknown:ViewManagerPropertyUpdater: Could not find generated setter for class com.facebook.react.views.progressbar.ReactProgressBarViewManager
08-28 01:41:00.645  5856  5896 W unknown:ViewManagerPropertyUpdater: Could not find generated setter for class com.facebook.react.views.progressbar.ProgressBarShadowNode
08-28 01:41:00.652  5856  5896 W unknown:ViewManagerPropertyUpdater: Could not find generated setter for class com.facebook.react.views.scroll.ReactHorizontalScrollViewManager
08-28 01:41:00.659  5856  5896 W unknown:ViewManagerPropertyUpdater: Could not find generated setter for class com.facebook.react.views.image.ReactImageManager
08-28 01:41:00.664  5856  5896 W unknown:ViewManagerPropertyUpdater: Could not find generated setter for class com.facebook.react.views.text.ReactTextViewManager
08-28 01:41:00.665  5856  5896 W unknown:ViewManagerPropertyUpdater: Could not find generated setter for class com.facebook.react.views.text.ReactTextShadowNode
08-28 01:41:00.671  5856  5896 W unknown:ViewManagerPropertyUpdater: Could not find generated setter for class com.facebook.react.views.scroll.ReactHorizontalScrollContainerViewManager
08-28 01:41:00.675  5856  5896 W unknown:ViewManagerPropertyUpdater: Could not find generated setter for class com.facebook.react.views.unimplementedview.ReactUnimplementedViewManager
08-28 01:41:00.680  5856  5896 W unknown:ViewManagerPropertyUpdater: Could not find generated setter for class com.facebook.react.views.scroll.ReactScrollViewManager
08-28 01:41:00.684  5856  5896 W unknown:ViewManagerPropertyUpdater: Could not find generated setter for class com.facebook.react.views.view.ReactViewManager
08-28 01:41:00.688  5856  5896 W unknown:ViewManagerPropertyUpdater: Could not find generated setter for class com.facebook.react.views.drawer.ReactDrawerLayoutManager
08-28 01:41:00.692  5856  5896 W unknown:ViewManagerPropertyUpdater: Could not find generated setter for class com.facebook.react.views.switchview.ReactSwitchManager
08-28 01:41:00.693  5856  5896 W unknown:ViewManagerPropertyUpdater: Could not find generated setter for class com.facebook.react.views.switchview.ReactSwitchShadowNode
08-28 01:41:00.696  5856  5896 W unknown:ViewManagerPropertyUpdater: Could not find generated setter for class com.facebook.react.views.text.ReactVirtualTextViewManager
08-28 01:41:00.696  5856  5896 W unknown:ViewManagerPropertyUpdater: Could not find generated setter for class com.facebook.react.views.text.ReactVirtualTextShadowNode
08-28 01:41:00.700  5856  5896 W unknown:ViewManagerPropertyUpdater: Could not find generated setter for class com.facebook.react.views.swiperefresh.SwipeRefreshLayoutManager
08-28 01:41:00.703  5856  5896 W unknown:ViewManagerPropertyUpdater: Could not find generated setter for class com.facebook.react.views.text.ReactRawTextManager
08-28 01:41:00.703  5856  5896 W unknown:ViewManagerPropertyUpdater: Could not find generated setter for class com.facebook.react.views.text.ReactRawTextShadowNode
08-28 01:41:00.707  5856  5896 W unknown:ViewManagerPropertyUpdater: Could not find generated setter for class com.facebook.react.views.textinput.ReactTextInputManager
08-28 01:41:00.708  5856  5896 W unknown:ViewManagerPropertyUpdater: Could not find generated setter for class com.facebook.react.views.textinput.ReactTextInputShadowNode
08-28 01:41:00.751  5856  5896 W BridgelessReactContext: [WARNING] Bridgeless doesn't support CatalystInstance. Accessing an API that's not part of the new architecture is not encouraged usage.
08-28 01:41:00.766  5856  5896 I ExpoModulesCore:  JSI interop was installed
08-28 01:41:00.767  5856  5896 I ExpoModulesCore:  Constants were exported
08-28 01:41:00.785  5856  5896 I ReactNativeJS: Running "main" with {"rootTag":11,"initialProps":{},"fabric":true}
08-28 01:41:00.974  5856  5856 I nhorn.metronomo: hiddenapi: Accessing hidden field Landroid/widget/ScrollView;->mScroller:Landroid/widget/OverScroller; (runtime_flags=0, domain=platform, api=unsupported) from Lcom/facebook/react/views/scroll/ReactScrollView; (domain=app) using reflection: allowed
08-28 01:41:02.270  5856  5918 D ProfileInstaller: Installing profile for com.estebanhorn.metronomo
08-28 01:41:02.655  5856  5856 E unknown:ReactNative: Got DOWN touch before receiving UP or CANCEL from last gesture
08-28 01:41:02.733   695   839 D InetDiagMessage: Destroyed 0 sockets, proto=IPPROTO_TCP, family=AF_INET, states=14
08-28 01:41:02.735   695   839 D InetDiagMessage: Destroyed 2 sockets, proto=IPPROTO_TCP, family=AF_INET6, states=14
08-28 01:41:02.735   695   839 D InetDiagMessage: Destroyed live tcp sockets for uids={10218} in 3ms
08-28 01:41:02.736   695   839 D InetDiagMessage: Destroyed 0 sockets, proto=IPPROTO_TCP, family=AF_INET, states=14
08-28 01:41:02.736   695   839 D InetDiagMessage: Destroyed 0 sockets, proto=IPPROTO_TCP, family=AF_INET6, states=14
08-28 01:41:02.736   695   839 D InetDiagMessage: Destroyed live tcp sockets for uids={20218} in 0ms
08-28 01:41:02.921  1082  1271 D SatelliteController: iisInCarrierRoamingNbIotNtn: satellite is disabled
08-28 01:41:05.276  1340  1340 I NativeLibHelper: NativeLibHelper.loadLibrary():190 Loaded native library:integrated_shared_object (result=true)
08-28 01:41:05.331  1340  1340 I StylusModule: StylusModule.onUpdateToolType():805 Update tool type = 0
08-28 01:41:05.342  1340  1340 I StylusModule: StylusModule.onUpdateToolType():805 Update tool type = 0
08-28 01:41:05.343  1340  1340 I StylusModule: StylusModule.onUpdateToolType():805 Update tool type = 0
08-28 01:41:05.346  1340  1340 I StylusModule: StylusModule.onUpdateToolType():805 Update tool type = 0
08-28 01:41:05.353  1340  1340 I GoogleInputMethodService: GoogleInputMethodService.onFinishInput():2054 
08-28 01:41:05.354  1340  1340 I Module  : DeviceLockedStatusModuleProvider$Module.updateDeviceLockedStatus():100 repeatCheckTimes = 0, locked = false
08-28 01:41:05.355  1340  1340 I GoogleInputMethodService: GoogleInputMethodService.onStartInput():1315 onStartInput(EditorInfo{EditorInfo{packageName=com.estebanhorn.metronomo, inputType=0, inputTypeString=NULL, enableLearning=false, autoCorrection=false, autoComplete=false, imeOptions=0, privateImeOptions=null, actionName=UNSPECIFIED, actionLabel=null, initialSelStart=-1, initialSelEnd=-1, initialCapsMode=0, label=null, fieldId=0, fieldName=null, extras=null, hintText=null, hintLocales=[]}}, false)
08-28 01:41:05.356  1340  1340 I Module  : DeviceLockedStatusModuleProvider$Module.updateDeviceLockedStatus():100 repeatCheckTimes = 1, locked = false
08-28 01:41:05.356   695  1742 W PackageConfigPersister: App-specific configuration not found for packageName: com.estebanhorn.metronomo and userId: 0
08-28 01:41:05.426  1340  1340 I StylusModule: StylusModule.onUpdateToolType():805 Update tool type = 0
08-28 01:41:05.569  1340  1340 I StylusModule: StylusModule.onUpdateToolType():805 Update tool type = 0
08-28 01:41:05.653   695   839 D InetDiagMessage: Destroyed 0 sockets, proto=IPPROTO_TCP, family=AF_INET, states=14
08-28 01:41:05.653   695   839 D InetDiagMessage: Destroyed 0 sockets, proto=IPPROTO_TCP, family=AF_INET6, states=14
08-28 01:41:05.653   695   839 D InetDiagMessage: Destroyed live tcp sockets for uids={10168} in 1ms
08-28 01:41:05.653   695   839 D InetDiagMessage: Destroyed 0 sockets, proto=IPPROTO_TCP, family=AF_INET, states=14
08-28 01:41:05.653   695   839 D InetDiagMessage: Destroyed 0 sockets, proto=IPPROTO_TCP, family=AF_INET6, states=14
08-28 01:41:05.653   695   839 D InetDiagMessage: Destroyed live tcp sockets for uids={20168} in 1ms
08-28 01:41:08.288  1441  1441 D BoundBrokerSvc: onUnbind: Intent { act=com.google.android.gms.measurement.START xflg=0x4 pkg=com.google.android.gms }
08-28 01:41:10.663   695   788 D ActivityManager: freezing 4768 com.google.android.webview:webview_service
08-28 01:41:10.665   695   839 D InetDiagMessage: Destroyed 0 sockets, proto=IPPROTO_TCP, family=AF_INET, states=14
08-28 01:41:10.665   695   839 D InetDiagMessage: Destroyed 0 sockets, proto=IPPROTO_TCP, family=AF_INET6, states=14
08-28 01:41:10.665   695   839 D InetDiagMessage: Destroyed live tcp sockets for uids={10168} in 0ms
08-28 01:41:12.251   695  1742 W AppOps  : Noting op not finished: uid 10148 pkg com.google.android.gms code 113 startTime of in progress event=1756342703429
08-28 01:41:12.254   695  1742 W AppOps  : Noting op not finished: uid 10148 pkg com.google.android.gms code 79 startTime of in progress event=1756342722512
08-28 01:41:12.262  1274  1832 I ActivityScheduler: nextTriggerTime: 2841840, in 238100ms, detectorType: 39, FULL_TYPE alarmWindowMillis: 80000
08-28 01:41:12.921  1082  1271 D SatelliteController: iisInCarrierRoamingNbIotNtn: satellite is disabled
08-28 01:41:13.254   695  1742 W AppOps  : Noting op not finished: uid 10148 pkg com.google.android.gms code 113 startTime of in progress event=1756342703429
08-28 01:41:17.819  5925  5925 W dumpsys : Thread Pool max thread count is 0. Cannot cache binder as linkToDeath cannot be implemented. serviceName: package
08-28 01:41:18.027  5929  5929 I artd    : Starting artd
08-28 01:41:18.028  5929  5929 I AidlLazyServiceRegistrar: Registering service artd
08-28 01:41:18.031  5929  5929 I AidlLazyServiceRegistrar: Process has 1 (of 1 available) client(s) in use after notification artd has clients: 1
08-28 01:41:18.175  5929  5931 I artd    : GetBestInfo: odex next to the dex file (/data/app/~~2hE3nhleZ5ZHl_UZdQtTgQ==/com.google.android.gms-OtLW9kFk1jlGiudkYF0V5w==/oat/x86_64/base.odex) is kOatUpToDate with filter 'speed-profile' executable 'false'
08-28 01:41:18.189  5929  5931 I artd    : GetBestInfo: odex next to the dex file (/data/app/~~2hE3nhleZ5ZHl_UZdQtTgQ==/com.google.android.gms-OtLW9kFk1jlGiudkYF0V5w==/oat/x86_64/split_AdsDynamite_installtime.odex) is kOatUpToDate with filter 'speed' executable 'false'
08-28 01:41:18.191  5929  5931 I artd    : GetBestInfo: odex next to the dex file (/data/app/~~2hE3nhleZ5ZHl_UZdQtTgQ==/com.google.android.gms-OtLW9kFk1jlGiudkYF0V5w==/oat/x86_64/split_CronetDynamite_installtime.odex) is kOatUpToDate with filter 'speed' executable 'false'
08-28 01:41:18.193  5929  5931 I artd    : GetBestInfo: odex next to the dex file (/data/app/~~2hE3nhleZ5ZHl_UZdQtTgQ==/com.google.android.gms-OtLW9kFk1jlGiudkYF0V5w==/oat/x86_64/split_DynamiteLoader_installtime.odex) is kOatUpToDate with filter 'speed' executable 'false'
08-28 01:41:18.204  5929  5931 I artd    : GetBestInfo: odex next to the dex file (/data/app/~~2hE3nhleZ5ZHl_UZdQtTgQ==/com.google.android.gms-OtLW9kFk1jlGiudkYF0V5w==/oat/x86_64/split_DynamiteModulesA_installtime.odex) is kOatUpToDate with filter 'speed' executable 'false'
08-28 01:41:18.214  5929  5931 I artd    : GetBestInfo: odex next to the dex file (/data/app/~~2hE3nhleZ5ZHl_UZdQtTgQ==/com.google.android.gms-OtLW9kFk1jlGiudkYF0V5w==/oat/x86_64/split_DynamiteModulesC_installtime.odex) is kOatUpToDate with filter 'speed' executable 'false'
08-28 01:41:18.221  5929  5931 I artd    : GetBestInfo: odex next to the dex file (/data/app/~~2hE3nhleZ5ZHl_UZdQtTgQ==/com.google.android.gms-OtLW9kFk1jlGiudkYF0V5w==/oat/x86_64/split_GoogleCertificates_installtime.odex) is kOatUpToDate with filter 'speed' executable 'false'
08-28 01:41:18.231  5929  5931 I artd    : GetBestInfo: odex next to the dex file (/data/app/~~2hE3nhleZ5ZHl_UZdQtTgQ==/com.google.android.gms-OtLW9kFk1jlGiudkYF0V5w==/oat/x86_64/split_MapsDynamite_installtime.odex) is kOatUpToDate with filter 'speed' executable 'false'
08-28 01:41:18.234  5929  5931 I artd    : GetBestInfo: odex next to the dex file (/data/app/~~2hE3nhleZ5ZHl_UZdQtTgQ==/com.google.android.gms-OtLW9kFk1jlGiudkYF0V5w==/oat/x86_64/split_MeasurementDynamite_installtime.odex) is kOatUpToDate with filter 'speed' executable 'false'
08-28 01:41:18.248  5929  5931 I artd    : GetBestInfo: odex next to the dex file (/data/app/~~2hE3nhleZ5ZHl_UZdQtTgQ==/com.google.android.gms-OtLW9kFk1jlGiudkYF0V5w==/oat/x86_64/split_all_locale_splits.odex) is kOatUpToDate with filter 'speed' executable 'false'
08-28 01:41:18.251  5929  5931 I artd    : GetBestInfo: /data/app/~~2hE3nhleZ5ZHl_UZdQtTgQ==/com.google.android.gms-OtLW9kFk1jlGiudkYF0V5w==/split_maps_core_dynamite_ondemand.apk has no usable artifacts
08-28 01:41:18.253  5929  5931 W artd    : Could not get dex checksums for location /data/app/~~fkTUWUgoJ89bfjCDEAsrVQ==/com.google.android.gms-HMHW6ev0Wwm1UYNtccMTFQ==/base.apk, fd=-1
08-28 01:41:18.256  5929  5931 I artd    : GetBestInfo: /data/user_de/0/com.google.android.gms/app_chimera/m/00000001/CronetDynamite.apk has no usable artifacts
08-28 01:41:18.256  5929  5931 I artd    : GetBestInfo: /data/user_de/0/com.google.android.gms/app_chimera/m/00000002/DynamiteLoader.apk has no usable artifacts
08-28 01:41:18.257  5929  5931 I artd    : GetBestInfo: /data/user_de/0/com.google.android.gms/app_chimera/m/00000005/GoogleCertificates.apk has no usable artifacts
08-28 01:41:18.257  5929  5931 W artd    : Could not get dex checksums for location /data/app/~~fkTUWUgoJ89bfjCDEAsrVQ==/com.google.android.gms-HMHW6ev0Wwm1UYNtccMTFQ==/base.apk, fd=-1
08-28 01:41:18.258  5929  5931 W artd    : Could not get dex checksums for location /data/app/~~fkTUWUgoJ89bfjCDEAsrVQ==/com.google.android.gms-HMHW6ev0Wwm1UYNtccMTFQ==/base.apk, fd=-1
08-28 01:41:18.258  5929  5931 W artd    : Could not get dex checksums for location /data/app/~~fkTUWUgoJ89bfjCDEAsrVQ==/com.google.android.gms-HMHW6ev0Wwm1UYNtccMTFQ==/base.apk, fd=-1
08-28 01:41:18.259  5929  5931 W artd    : Could not get dex checksums for location /data/app/~~fkTUWUgoJ89bfjCDEAsrVQ==/com.google.android.gms-HMHW6ev0Wwm1UYNtccMTFQ==/base.apk, fd=-1
08-28 01:41:18.259  5929  5931 W artd    : Could not get dex checksums for location /data/app/~~fkTUWUgoJ89bfjCDEAsrVQ==/com.google.android.gms-HMHW6ev0Wwm1UYNtccMTFQ==/base.apk, fd=-1
08-28 01:41:18.260  5929  5931 W artd    : Could not get dex checksums for location /data/app/~~fkTUWUgoJ89bfjCDEAsrVQ==/com.google.android.gms-HMHW6ev0Wwm1UYNtccMTFQ==/base.apk, fd=-1
08-28 01:41:18.309  5929  5931 I artd    : GetBestInfo: /data/user_de/0/com.google.android.gms/app_chimera/m/0000000a/dl-MlkitOcrCommon.optional_250834100800.apk has no usable artifacts
08-28 01:41:18.313  5929  5931 I artd    : GetBestInfo: /data/user/0/com.google.android.gms/app_dg_cache/102D60F934AAF5C765E1A637C72AF11901185F37/the.apk has no usable artifacts
08-28 01:41:18.314  5929  5931 I artd    : GetBestInfo: /data/user/0/com.google.android.gms/app_dg_cache/8E363C1D31A53F3D2607B6574B191D5DCBECD7F6/the.apk has no usable artifacts
08-28 01:41:18.314  5929  5931 W artd    : Could not get dex checksums for location /data/app/~~fkTUWUgoJ89bfjCDEAsrVQ==/com.google.android.gms-HMHW6ev0Wwm1UYNtccMTFQ==/base.apk, fd=-1
08-28 01:41:18.315  5929  5931 I artd    : GetBestInfo: /data/user_de/0/com.google.android.gms/app_chimera/m/0000000f/dl-Appsearch.optional_250834100800.apk has no usable artifacts
08-28 01:41:18.317  5929  5931 I artd    : GetBestInfo: /data/user_de/0/com.google.android.gms/app_chimera/m/00000009/dl-VisionOcr.optional_250834100000.apk has no usable artifacts
08-28 01:41:18.317  5929  5931 W artd    : Could not get dex checksums for location /data/app/~~fkTUWUgoJ89bfjCDEAsrVQ==/com.google.android.gms-HMHW6ev0Wwm1UYNtccMTFQ==/base.apk, fd=-1
08-28 01:41:18.318  5929  5931 W artd    : Could not get dex checksums for location /data/app/~~fkTUWUgoJ89bfjCDEAsrVQ==/com.google.android.gms-HMHW6ev0Wwm1UYNtccMTFQ==/base.apk, fd=-1
08-28 01:41:18.318  5929  5931 W artd    : Could not get dex checksums for location /data/app/~~fkTUWUgoJ89bfjCDEAsrVQ==/com.google.android.gms-HMHW6ev0Wwm1UYNtccMTFQ==/base.apk, fd=-1
08-28 01:41:18.319  5929  5931 W artd    : Could not get dex checksums for location /data/app/~~fkTUWUgoJ89bfjCDEAsrVQ==/com.google.android.gms-HMHW6ev0Wwm1UYNtccMTFQ==/base.apk, fd=-1
08-28 01:41:18.320  5929  5931 W artd    : Could not get dex checksums for location /data/app/~~fkTUWUgoJ89bfjCDEAsrVQ==/com.google.android.gms-HMHW6ev0Wwm1UYNtccMTFQ==/base.apk, fd=-1
08-28 01:41:18.321  5929  5931 I artd    : GetBestInfo: /data/user_de/0/com.google.android.gms/app_chimera/m/0000000d/dl-MlkitBarcodeUi.optional_250834100800.apk has no usable artifacts
08-28 01:41:18.322  5929  5931 W artd    : Could not get dex checksums for location /data/app/~~fkTUWUgoJ89bfjCDEAsrVQ==/com.google.android.gms-HMHW6ev0Wwm1UYNtccMTFQ==/base.apk, fd=-1
08-28 01:41:18.322  5929  5931 W artd    : Could not get dex checksums for location /data/app/~~fkTUWUgoJ89bfjCDEAsrVQ==/com.google.android.gms-HMHW6ev0Wwm1UYNtccMTFQ==/base.apk, fd=-1
08-28 01:41:18.323  5929  5931 W artd    : Could not get dex checksums for location /data/app/~~fkTUWUgoJ89bfjCDEAsrVQ==/com.google.android.gms-HMHW6ev0Wwm1UYNtccMTFQ==/base.apk, fd=-1
08-28 01:41:18.323  5929  5931 W artd    : Could not get dex checksums for location /data/app/~~fkTUWUgoJ89bfjCDEAsrVQ==/com.google.android.gms-HMHW6ev0Wwm1UYNtccMTFQ==/base.apk, fd=-1
08-28 01:41:18.323   695   788 D ActivityManager: freezing 1441 com.google.android.gms
08-28 01:41:18.324  5929  5931 W artd    : Could not get dex checksums for location /data/app/~~70TpSpbP5GY1cZxPkAGKnQ==/com.android.vending-ApTzBNCK8nvtkmkDb97RCg==/base.apk, fd=-1
08-28 01:41:22.921  1082  1271 D SatelliteController: iisInCarrierRoamingNbIotNtn: satellite is disabled
08-28 01:41:27.822  5933  5933 W dumpsys : Thread Pool max thread count is 0. Cannot cache binder as linkToDeath cannot be implemented. serviceName: package
08-28 01:41:27.916  5929  5931 I artd    : GetBestInfo: odex next to the dex file (/data/app/~~2hE3nhleZ5ZHl_UZdQtTgQ==/com.google.android.gms-OtLW9kFk1jlGiudkYF0V5w==/oat/x86_64/base.odex) is kOatUpToDate with filter 'speed-profile' executable 'false'
08-28 01:41:27.918  5929  5931 I artd    : GetBestInfo: odex next to the dex file (/data/app/~~2hE3nhleZ5ZHl_UZdQtTgQ==/com.google.android.gms-OtLW9kFk1jlGiudkYF0V5w==/oat/x86_64/split_AdsDynamite_installtime.odex) is kOatUpToDate with filter 'speed' executable 'false'
08-28 01:41:27.919  5929  5931 I artd    : GetBestInfo: odex next to the dex file (/data/app/~~2hE3nhleZ5ZHl_UZdQtTgQ==/com.google.android.gms-OtLW9kFk1jlGiudkYF0V5w==/oat/x86_64/split_CronetDynamite_installtime.odex) is kOatUpToDate with filter 'speed' executable 'false'
08-28 01:41:27.921  5929  5931 I artd    : GetBestInfo: odex next to the dex file (/data/app/~~2hE3nhleZ5ZHl_UZdQtTgQ==/com.google.android.gms-OtLW9kFk1jlGiudkYF0V5w==/oat/x86_64/split_DynamiteLoader_installtime.odex) is kOatUpToDate with filter 'speed' executable 'false'
08-28 01:41:27.922  5929  5931 I artd    : GetBestInfo: odex next to the dex file (/data/app/~~2hE3nhleZ5ZHl_UZdQtTgQ==/com.google.android.gms-OtLW9kFk1jlGiudkYF0V5w==/oat/x86_64/split_DynamiteModulesA_installtime.odex) is kOatUpToDate with filter 'speed' executable 'false'
08-28 01:41:27.923  5929  5931 I artd    : GetBestInfo: odex next to the dex file (/data/app/~~2hE3nhleZ5ZHl_UZdQtTgQ==/com.google.android.gms-OtLW9kFk1jlGiudkYF0V5w==/oat/x86_64/split_DynamiteModulesC_installtime.odex) is kOatUpToDate with filter 'speed' executable 'false'
08-28 01:41:27.925  5929  5931 I artd    : GetBestInfo: odex next to the dex file (/data/app/~~2hE3nhleZ5ZHl_UZdQtTgQ==/com.google.android.gms-OtLW9kFk1jlGiudkYF0V5w==/oat/x86_64/split_GoogleCertificates_installtime.odex) is kOatUpToDate with filter 'speed' executable 'false'
08-28 01:41:27.926  5929  5931 I artd    : GetBestInfo: odex next to the dex file (/data/app/~~2hE3nhleZ5ZHl_UZdQtTgQ==/com.google.android.gms-OtLW9kFk1jlGiudkYF0V5w==/oat/x86_64/split_MapsDynamite_installtime.odex) is kOatUpToDate with filter 'speed' executable 'false'
08-28 01:41:27.928  5929  5931 I artd    : GetBestInfo: odex next to the dex file (/data/app/~~2hE3nhleZ5ZHl_UZdQtTgQ==/com.google.android.gms-OtLW9kFk1jlGiudkYF0V5w==/oat/x86_64/split_MeasurementDynamite_installtime.odex) is kOatUpToDate with filter 'speed' executable 'false'
08-28 01:41:27.929  5929  5931 I artd    : GetBestInfo: odex next to the dex file (/data/app/~~2hE3nhleZ5ZHl_UZdQtTgQ==/com.google.android.gms-OtLW9kFk1jlGiudkYF0V5w==/oat/x86_64/split_all_locale_splits.odex) is kOatUpToDate with filter 'speed' executable 'false'
08-28 01:41:27.930  5929  5931 I artd    : GetBestInfo: /data/app/~~2hE3nhleZ5ZHl_UZdQtTgQ==/com.google.android.gms-OtLW9kFk1jlGiudkYF0V5w==/split_maps_core_dynamite_ondemand.apk has no usable artifacts
08-28 01:41:27.930  5929  5931 W artd    : Could not get dex checksums for location /data/app/~~fkTUWUgoJ89bfjCDEAsrVQ==/com.google.android.gms-HMHW6ev0Wwm1UYNtccMTFQ==/base.apk, fd=-1
08-28 01:41:27.931  5929  5931 I artd    : GetBestInfo: /data/user_de/0/com.google.android.gms/app_chimera/m/00000001/CronetDynamite.apk has no usable artifacts
08-28 01:41:27.932  5929  5931 I artd    : GetBestInfo: /data/user_de/0/com.google.android.gms/app_chimera/m/00000002/DynamiteLoader.apk has no usable artifacts
08-28 01:41:27.932  5929  5931 I artd    : GetBestInfo: /data/user_de/0/com.google.android.gms/app_chimera/m/00000005/GoogleCertificates.apk has no usable artifacts
08-28 01:41:27.933  5929  5929 W artd    : Could not get dex checksums for location /data/app/~~fkTUWUgoJ89bfjCDEAsrVQ==/com.google.android.gms-HMHW6ev0Wwm1UYNtccMTFQ==/base.apk, fd=-1
08-28 01:41:27.933  5929  5929 W artd    : Could not get dex checksums for location /data/app/~~fkTUWUgoJ89bfjCDEAsrVQ==/com.google.android.gms-HMHW6ev0Wwm1UYNtccMTFQ==/base.apk, fd=-1
08-28 01:41:27.933  5929  5931 W artd    : Could not get dex checksums for location /data/app/~~fkTUWUgoJ89bfjCDEAsrVQ==/com.google.android.gms-HMHW6ev0Wwm1UYNtccMTFQ==/base.apk, fd=-1
08-28 01:41:27.934  5929  5931 W artd    : Could not get dex checksums for location /data/app/~~fkTUWUgoJ89bfjCDEAsrVQ==/com.google.android.gms-HMHW6ev0Wwm1UYNtccMTFQ==/base.apk, fd=-1
08-28 01:41:27.936  5929  5931 W artd    : Could not get dex checksums for location /data/app/~~fkTUWUgoJ89bfjCDEAsrVQ==/com.google.android.gms-HMHW6ev0Wwm1UYNtccMTFQ==/base.apk, fd=-1
08-28 01:41:27.937  5929  5931 W artd    : Could not get dex checksums for location /data/app/~~fkTUWUgoJ89bfjCDEAsrVQ==/com.google.android.gms-HMHW6ev0Wwm1UYNtccMTFQ==/base.apk, fd=-1
08-28 01:41:27.938  5929  5931 I artd    : GetBestInfo: /data/user_de/0/com.google.android.gms/app_chimera/m/0000000a/dl-MlkitOcrCommon.optional_250834100800.apk has no usable artifacts
08-28 01:41:27.940  5929  5931 I artd    : GetBestInfo: /data/user/0/com.google.android.gms/app_dg_cache/102D60F934AAF5C765E1A637C72AF11901185F37/the.apk has no usable artifacts
08-28 01:41:27.941  5929  5931 I artd    : GetBestInfo: /data/user/0/com.google.android.gms/app_dg_cache/8E363C1D31A53F3D2607B6574B191D5DCBECD7F6/the.apk has no usable artifacts
08-28 01:41:27.941  5929  5931 W artd    : Could not get dex checksums for location /data/app/~~fkTUWUgoJ89bfjCDEAsrVQ==/com.google.android.gms-HMHW6ev0Wwm1UYNtccMTFQ==/base.apk, fd=-1
08-28 01:41:27.942  5929  5931 I artd    : GetBestInfo: /data/user_de/0/com.google.android.gms/app_chimera/m/0000000f/dl-Appsearch.optional_250834100800.apk has no usable artifacts
08-28 01:41:27.943  5929  5931 I artd    : GetBestInfo: /data/user_de/0/com.google.android.gms/app_chimera/m/00000009/dl-VisionOcr.optional_250834100000.apk has no usable artifacts
08-28 01:41:27.944  5929  5931 W artd    : Could not get dex checksums for location /data/app/~~fkTUWUgoJ89bfjCDEAsrVQ==/com.google.android.gms-HMHW6ev0Wwm1UYNtccMTFQ==/base.apk, fd=-1
08-28 01:41:27.946  5929  5931 W artd    : Could not get dex checksums for location /data/app/~~fkTUWUgoJ89bfjCDEAsrVQ==/com.google.android.gms-HMHW6ev0Wwm1UYNtccMTFQ==/base.apk, fd=-1
08-28 01:41:27.948  5929  5931 W artd    : Could not get dex checksums for location /data/app/~~fkTUWUgoJ89bfjCDEAsrVQ==/com.google.android.gms-HMHW6ev0Wwm1UYNtccMTFQ==/base.apk, fd=-1
08-28 01:41:27.949  5929  5931 W artd    : Could not get dex checksums for location /data/app/~~fkTUWUgoJ89bfjCDEAsrVQ==/com.google.android.gms-HMHW6ev0Wwm1UYNtccMTFQ==/base.apk, fd=-1
08-28 01:41:27.950  5929  5931 W artd    : Could not get dex checksums for location /data/app/~~fkTUWUgoJ89bfjCDEAsrVQ==/com.google.android.gms-HMHW6ev0Wwm1UYNtccMTFQ==/base.apk, fd=-1
08-28 01:41:27.951  5929  5931 I artd    : GetBestInfo: /data/user_de/0/com.google.android.gms/app_chimera/m/0000000d/dl-MlkitBarcodeUi.optional_250834100800.apk has no usable artifacts
08-28 01:41:27.952  5929  5931 W artd    : Could not get dex checksums for location /data/app/~~fkTUWUgoJ89bfjCDEAsrVQ==/com.google.android.gms-HMHW6ev0Wwm1UYNtccMTFQ==/base.apk, fd=-1
08-28 01:41:27.952  5929  5931 W artd    : Could not get dex checksums for location /data/app/~~fkTUWUgoJ89bfjCDEAsrVQ==/com.google.android.gms-HMHW6ev0Wwm1UYNtccMTFQ==/base.apk, fd=-1
08-28 01:41:27.953  5929  5931 W artd    : Could not get dex checksums for location /data/app/~~fkTUWUgoJ89bfjCDEAsrVQ==/com.google.android.gms-HMHW6ev0Wwm1UYNtccMTFQ==/base.apk, fd=-1
08-28 01:41:27.953  5929  5931 W artd    : Could not get dex checksums for location /data/app/~~fkTUWUgoJ89bfjCDEAsrVQ==/com.google.android.gms-HMHW6ev0Wwm1UYNtccMTFQ==/base.apk, fd=-1
08-28 01:41:27.953  5929  5931 W artd    : Could not get dex checksums for location /data/app/~~70TpSpbP5GY1cZxPkAGKnQ==/com.android.vending-ApTzBNCK8nvtkmkDb97RCg==/base.apk, fd=-1
08-28 01:41:32.921  1082  1271 D SatelliteController: iisInCarrierRoamingNbIotNtn: satellite is disabled
08-28 01:41:37.818  5936  5936 W dumpsys : Thread Pool max thread count is 0. Cannot cache binder as linkToDeath cannot be implemented. serviceName: package
08-28 01:41:37.920  5929  5931 I artd    : GetBestInfo: odex next to the dex file (/data/app/~~2hE3nhleZ5ZHl_UZdQtTgQ==/com.google.android.gms-OtLW9kFk1jlGiudkYF0V5w==/oat/x86_64/base.odex) is kOatUpToDate with filter 'speed-profile' executable 'false'
08-28 01:41:37.922  5929  5931 I artd    : GetBestInfo: odex next to the dex file (/data/app/~~2hE3nhleZ5ZHl_UZdQtTgQ==/com.google.android.gms-OtLW9kFk1jlGiudkYF0V5w==/oat/x86_64/split_AdsDynamite_installtime.odex) is kOatUpToDate with filter 'speed' executable 'false'
08-28 01:41:37.923  5929  5931 I artd    : GetBestInfo: odex next to the dex file (/data/app/~~2hE3nhleZ5ZHl_UZdQtTgQ==/com.google.android.gms-OtLW9kFk1jlGiudkYF0V5w==/oat/x86_64/split_CronetDynamite_installtime.odex) is kOatUpToDate with filter 'speed' executable 'false'
08-28 01:41:37.925  5929  5931 I artd    : GetBestInfo: odex next to the dex file (/data/app/~~2hE3nhleZ5ZHl_UZdQtTgQ==/com.google.android.gms-OtLW9kFk1jlGiudkYF0V5w==/oat/x86_64/split_DynamiteLoader_installtime.odex) is kOatUpToDate with filter 'speed' executable 'false'
08-28 01:41:37.928  5929  5931 I artd    : GetBestInfo: odex next to the dex file (/data/app/~~2hE3nhleZ5ZHl_UZdQtTgQ==/com.google.android.gms-OtLW9kFk1jlGiudkYF0V5w==/oat/x86_64/split_DynamiteModulesA_installtime.odex) is kOatUpToDate with filter 'speed' executable 'false'
08-28 01:41:37.929  5929  5931 I artd    : GetBestInfo: odex next to the dex file (/data/app/~~2hE3nhleZ5ZHl_UZdQtTgQ==/com.google.android.gms-OtLW9kFk1jlGiudkYF0V5w==/oat/x86_64/split_DynamiteModulesC_installtime.odex) is kOatUpToDate with filter 'speed' executable 'false'
08-28 01:41:37.931  5929  5931 I artd    : GetBestInfo: odex next to the dex file (/data/app/~~2hE3nhleZ5ZHl_UZdQtTgQ==/com.google.android.gms-OtLW9kFk1jlGiudkYF0V5w==/oat/x86_64/split_GoogleCertificates_installtime.odex) is kOatUpToDate with filter 'speed' executable 'false'
08-28 01:41:37.932  5929  5931 I artd    : GetBestInfo: odex next to the dex file (/data/app/~~2hE3nhleZ5ZHl_UZdQtTgQ==/com.google.android.gms-OtLW9kFk1jlGiudkYF0V5w==/oat/x86_64/split_MapsDynamite_installtime.odex) is kOatUpToDate with filter 'speed' executable 'false'
08-28 01:41:37.933  5929  5931 I artd    : GetBestInfo: odex next to the dex file (/data/app/~~2hE3nhleZ5ZHl_UZdQtTgQ==/com.google.android.gms-OtLW9kFk1jlGiudkYF0V5w==/oat/x86_64/split_MeasurementDynamite_installtime.odex) is kOatUpToDate with filter 'speed' executable 'false'
