08-28 01:45:27.948  5929  5948 W artd    : Could not get dex checksums for location /data/app/~~fkTUWUgoJ89bfjCDEAsrVQ==/com.google.android.gms-HMHW6ev0Wwm1UYNtccMTFQ==/base.apk, fd=-1
08-28 01:45:27.948  5929  5948 W artd    : Could not get dex checksums for location /data/app/~~fkTUWUgoJ89bfjCDEAsrVQ==/com.google.android.gms-HMHW6ev0Wwm1UYNtccMTFQ==/base.apk, fd=-1
08-28 01:45:27.949  5929  5948 W artd    : Could not get dex checksums for location /data/app/~~fkTUWUgoJ89bfjCDEAsrVQ==/com.google.android.gms-HMHW6ev0Wwm1UYNtccMTFQ==/base.apk, fd=-1
08-28 01:45:27.949  5929  5948 W artd    : Could not get dex checksums for location /data/app/~~fkTUWUgoJ89bfjCDEAsrVQ==/com.google.android.gms-HMHW6ev0Wwm1UYNtccMTFQ==/base.apk, fd=-1
08-28 01:45:27.950  5929  5948 W artd    : Could not get dex checksums for location /data/app/~~fkTUWUgoJ89bfjCDEAsrVQ==/com.google.android.gms-HMHW6ev0Wwm1UYNtccMTFQ==/base.apk, fd=-1
08-28 01:45:27.950  5929  5948 W artd    : Could not get dex checksums for location /data/app/~~fkTUWUgoJ89bfjCDEAsrVQ==/com.google.android.gms-HMHW6ev0Wwm1UYNtccMTFQ==/base.apk, fd=-1
08-28 01:45:27.952  5929  5948 I artd    : GetBestInfo: /data/user_de/0/com.google.android.gms/app_chimera/m/0000000a/dl-MlkitOcrCommon.optional_250834100800.apk has no usable artifacts
08-28 01:45:27.953  5929  5948 I artd    : GetBestInfo: /data/user/0/com.google.android.gms/app_dg_cache/102D60F934AAF5C765E1A637C72AF11901185F37/the.apk has no usable artifacts
08-28 01:45:27.954  5929  5948 I artd    : GetBestInfo: /data/user/0/com.google.android.gms/app_dg_cache/8E363C1D31A53F3D2607B6574B191D5DCBECD7F6/the.apk has no usable artifacts
08-28 01:45:27.955  5929  5948 W artd    : Could not get dex checksums for location /data/app/~~fkTUWUgoJ89bfjCDEAsrVQ==/com.google.android.gms-HMHW6ev0Wwm1UYNtccMTFQ==/base.apk, fd=-1
08-28 01:45:27.956  5929  5948 I artd    : GetBestInfo: /data/user_de/0/com.google.android.gms/app_chimera/m/0000000f/dl-Appsearch.optional_250834100800.apk has no usable artifacts
08-28 01:45:27.957  5929  5948 I artd    : GetBestInfo: /data/user_de/0/com.google.android.gms/app_chimera/m/00000009/dl-VisionOcr.optional_250834100000.apk has no usable artifacts
08-28 01:45:27.957  5929  5948 W artd    : Could not get dex checksums for location /data/app/~~fkTUWUgoJ89bfjCDEAsrVQ==/com.google.android.gms-HMHW6ev0Wwm1UYNtccMTFQ==/base.apk, fd=-1
08-28 01:45:27.958  5929  5948 W artd    : Could not get dex checksums for location /data/app/~~fkTUWUgoJ89bfjCDEAsrVQ==/com.google.android.gms-HMHW6ev0Wwm1UYNtccMTFQ==/base.apk, fd=-1
08-28 01:45:27.958  5929  5948 W artd    : Could not get dex checksums for location /data/app/~~fkTUWUgoJ89bfjCDEAsrVQ==/com.google.android.gms-HMHW6ev0Wwm1UYNtccMTFQ==/base.apk, fd=-1
08-28 01:45:27.959  5929  5948 W artd    : Could not get dex checksums for location /data/app/~~fkTUWUgoJ89bfjCDEAsrVQ==/com.google.android.gms-HMHW6ev0Wwm1UYNtccMTFQ==/base.apk, fd=-1
08-28 01:45:27.959  5929  5948 W artd    : Could not get dex checksums for location /data/app/~~fkTUWUgoJ89bfjCDEAsrVQ==/com.google.android.gms-HMHW6ev0Wwm1UYNtccMTFQ==/base.apk, fd=-1
08-28 01:45:27.961  5929  5948 I artd    : GetBestInfo: /data/user_de/0/com.google.android.gms/app_chimera/m/0000000d/dl-MlkitBarcodeUi.optional_250834100800.apk has no usable artifacts
08-28 01:45:27.961  5929  5948 W artd    : Could not get dex checksums for location /data/app/~~fkTUWUgoJ89bfjCDEAsrVQ==/com.google.android.gms-HMHW6ev0Wwm1UYNtccMTFQ==/base.apk, fd=-1
08-28 01:45:27.962  5929  5948 W artd    : Could not get dex checksums for location /data/app/~~fkTUWUgoJ89bfjCDEAsrVQ==/com.google.android.gms-HMHW6ev0Wwm1UYNtccMTFQ==/base.apk, fd=-1
08-28 01:45:27.962  5929  5948 W artd    : Could not get dex checksums for location /data/app/~~fkTUWUgoJ89bfjCDEAsrVQ==/com.google.android.gms-HMHW6ev0Wwm1UYNtccMTFQ==/base.apk, fd=-1
08-28 01:45:27.963  5929  5948 W artd    : Could not get dex checksums for location /data/app/~~fkTUWUgoJ89bfjCDEAsrVQ==/com.google.android.gms-HMHW6ev0Wwm1UYNtccMTFQ==/base.apk, fd=-1
08-28 01:45:27.964  5929  5948 W artd    : Could not get dex checksums for location /data/app/~~70TpSpbP5GY1cZxPkAGKnQ==/com.android.vending-ApTzBNCK8nvtkmkDb97RCg==/base.apk, fd=-1
08-28 01:45:28.020   695   706 I system_server: Background concurrent mark compact GC freed 24MB AllocSpace bytes, 7(140KB) LOS objects, 41% free, 33MB/57MB, paused 3.055ms,1.483ms total 124.779ms
08-28 01:45:32.925  1082  1271 D SatelliteController: iisInCarrierRoamingNbIotNtn: satellite is disabled
08-28 01:45:37.824  6028  6028 W dumpsys : Thread Pool max thread count is 0. Cannot cache binder as linkToDeath cannot be implemented. serviceName: package
08-28 01:45:37.914  5929  5948 I artd    : GetBestInfo: odex next to the dex file (/data/app/~~2hE3nhleZ5ZHl_UZdQtTgQ==/com.google.android.gms-OtLW9kFk1jlGiudkYF0V5w==/oat/x86_64/base.odex) is kOatUpToDate with filter 'speed-profile' executable 'false'
08-28 01:45:37.917  5929  5948 I artd    : GetBestInfo: odex next to the dex file (/data/app/~~2hE3nhleZ5ZHl_UZdQtTgQ==/com.google.android.gms-OtLW9kFk1jlGiudkYF0V5w==/oat/x86_64/split_AdsDynamite_installtime.odex) is kOatUpToDate with filter 'speed' executable 'false'
08-28 01:45:37.918  5929  5930 I artd    : GetBestInfo: odex next to the dex file (/data/app/~~2hE3nhleZ5ZHl_UZdQtTgQ==/com.google.android.gms-OtLW9kFk1jlGiudkYF0V5w==/oat/x86_64/split_CronetDynamite_installtime.odex) is kOatUpToDate with filter 'speed' executable 'false'
08-28 01:45:37.919  5929  5930 I artd    : GetBestInfo: odex next to the dex file (/data/app/~~2hE3nhleZ5ZHl_UZdQtTgQ==/com.google.android.gms-OtLW9kFk1jlGiudkYF0V5w==/oat/x86_64/split_DynamiteLoader_installtime.odex) is kOatUpToDate with filter 'speed' executable 'false'
08-28 01:45:37.921  5929  5930 I artd    : GetBestInfo: odex next to the dex file (/data/app/~~2hE3nhleZ5ZHl_UZdQtTgQ==/com.google.android.gms-OtLW9kFk1jlGiudkYF0V5w==/oat/x86_64/split_DynamiteModulesA_installtime.odex) is kOatUpToDate with filter 'speed' executable 'false'
08-28 01:45:37.922  5929  5930 I artd    : GetBestInfo: odex next to the dex file (/data/app/~~2hE3nhleZ5ZHl_UZdQtTgQ==/com.google.android.gms-OtLW9kFk1jlGiudkYF0V5w==/oat/x86_64/split_DynamiteModulesC_installtime.odex) is kOatUpToDate with filter 'speed' executable 'false'
08-28 01:45:37.923  5929  5930 I artd    : GetBestInfo: odex next to the dex file (/data/app/~~2hE3nhleZ5ZHl_UZdQtTgQ==/com.google.android.gms-OtLW9kFk1jlGiudkYF0V5w==/oat/x86_64/split_GoogleCertificates_installtime.odex) is kOatUpToDate with filter 'speed' executable 'false'
08-28 01:45:37.925  5929  5930 I artd    : GetBestInfo: odex next to the dex file (/data/app/~~2hE3nhleZ5ZHl_UZdQtTgQ==/com.google.android.gms-OtLW9kFk1jlGiudkYF0V5w==/oat/x86_64/split_MapsDynamite_installtime.odex) is kOatUpToDate with filter 'speed' executable 'false'
08-28 01:45:37.926  5929  5930 I artd    : GetBestInfo: odex next to the dex file (/data/app/~~2hE3nhleZ5ZHl_UZdQtTgQ==/com.google.android.gms-OtLW9kFk1jlGiudkYF0V5w==/oat/x86_64/split_MeasurementDynamite_installtime.odex) is kOatUpToDate with filter 'speed' executable 'false'
08-28 01:45:37.927  5929  5930 I artd    : GetBestInfo: odex next to the dex file (/data/app/~~2hE3nhleZ5ZHl_UZdQtTgQ==/com.google.android.gms-OtLW9kFk1jlGiudkYF0V5w==/oat/x86_64/split_all_locale_splits.odex) is kOatUpToDate with filter 'speed' executable 'false'
08-28 01:45:37.928  5929  5930 I artd    : GetBestInfo: /data/app/~~2hE3nhleZ5ZHl_UZdQtTgQ==/com.google.android.gms-OtLW9kFk1jlGiudkYF0V5w==/split_maps_core_dynamite_ondemand.apk has no usable artifacts
08-28 01:45:37.929  5929  5930 W artd    : Could not get dex checksums for location /data/app/~~fkTUWUgoJ89bfjCDEAsrVQ==/com.google.android.gms-HMHW6ev0Wwm1UYNtccMTFQ==/base.apk, fd=-1
08-28 01:45:37.930  5929  5930 I artd    : GetBestInfo: /data/user_de/0/com.google.android.gms/app_chimera/m/00000001/CronetDynamite.apk has no usable artifacts
08-28 01:45:37.931  5929  5930 I artd    : GetBestInfo: /data/user_de/0/com.google.android.gms/app_chimera/m/00000002/DynamiteLoader.apk has no usable artifacts
08-28 01:45:37.931  5929  5930 I artd    : GetBestInfo: /data/user_de/0/com.google.android.gms/app_chimera/m/00000005/GoogleCertificates.apk has no usable artifacts
08-28 01:45:37.931  5929  5930 W artd    : Could not get dex checksums for location /data/app/~~fkTUWUgoJ89bfjCDEAsrVQ==/com.google.android.gms-HMHW6ev0Wwm1UYNtccMTFQ==/base.apk, fd=-1
08-28 01:45:37.932  5929  5930 W artd    : Could not get dex checksums for location /data/app/~~fkTUWUgoJ89bfjCDEAsrVQ==/com.google.android.gms-HMHW6ev0Wwm1UYNtccMTFQ==/base.apk, fd=-1
08-28 01:45:37.932  5929  5930 W artd    : Could not get dex checksums for location /data/app/~~fkTUWUgoJ89bfjCDEAsrVQ==/com.google.android.gms-HMHW6ev0Wwm1UYNtccMTFQ==/base.apk, fd=-1
08-28 01:45:37.933  5929  5930 W artd    : Could not get dex checksums for location /data/app/~~fkTUWUgoJ89bfjCDEAsrVQ==/com.google.android.gms-HMHW6ev0Wwm1UYNtccMTFQ==/base.apk, fd=-1
08-28 01:45:37.933  5929  5930 W artd    : Could not get dex checksums for location /data/app/~~fkTUWUgoJ89bfjCDEAsrVQ==/com.google.android.gms-HMHW6ev0Wwm1UYNtccMTFQ==/base.apk, fd=-1
08-28 01:45:37.934  5929  5930 W artd    : Could not get dex checksums for location /data/app/~~fkTUWUgoJ89bfjCDEAsrVQ==/com.google.android.gms-HMHW6ev0Wwm1UYNtccMTFQ==/base.apk, fd=-1
08-28 01:45:37.935  5929  5930 I artd    : GetBestInfo: /data/user_de/0/com.google.android.gms/app_chimera/m/0000000a/dl-MlkitOcrCommon.optional_250834100800.apk has no usable artifacts
08-28 01:45:37.936  5929  5930 I artd    : GetBestInfo: /data/user/0/com.google.android.gms/app_dg_cache/102D60F934AAF5C765E1A637C72AF11901185F37/the.apk has no usable artifacts
08-28 01:45:37.937  5929  5930 I artd    : GetBestInfo: /data/user/0/com.google.android.gms/app_dg_cache/8E363C1D31A53F3D2607B6574B191D5DCBECD7F6/the.apk has no usable artifacts
08-28 01:45:37.937  5929  5930 W artd    : Could not get dex checksums for location /data/app/~~fkTUWUgoJ89bfjCDEAsrVQ==/com.google.android.gms-HMHW6ev0Wwm1UYNtccMTFQ==/base.apk, fd=-1
08-28 01:45:37.938  5929  5930 I artd    : GetBestInfo: /data/user_de/0/com.google.android.gms/app_chimera/m/0000000f/dl-Appsearch.optional_250834100800.apk has no usable artifacts
08-28 01:45:37.939  5929  5930 I artd    : GetBestInfo: /data/user_de/0/com.google.android.gms/app_chimera/m/00000009/dl-VisionOcr.optional_250834100000.apk has no usable artifacts
08-28 01:45:37.940  5929  5930 W artd    : Could not get dex checksums for location /data/app/~~fkTUWUgoJ89bfjCDEAsrVQ==/com.google.android.gms-HMHW6ev0Wwm1UYNtccMTFQ==/base.apk, fd=-1
08-28 01:45:37.940  5929  5930 W artd    : Could not get dex checksums for location /data/app/~~fkTUWUgoJ89bfjCDEAsrVQ==/com.google.android.gms-HMHW6ev0Wwm1UYNtccMTFQ==/base.apk, fd=-1
08-28 01:45:37.941  5929  5930 W artd    : Could not get dex checksums for location /data/app/~~fkTUWUgoJ89bfjCDEAsrVQ==/com.google.android.gms-HMHW6ev0Wwm1UYNtccMTFQ==/base.apk, fd=-1
08-28 01:45:37.941  5929  5930 W artd    : Could not get dex checksums for location /data/app/~~fkTUWUgoJ89bfjCDEAsrVQ==/com.google.android.gms-HMHW6ev0Wwm1UYNtccMTFQ==/base.apk, fd=-1
08-28 01:45:37.942  5929  5930 W artd    : Could not get dex checksums for location /data/app/~~fkTUWUgoJ89bfjCDEAsrVQ==/com.google.android.gms-HMHW6ev0Wwm1UYNtccMTFQ==/base.apk, fd=-1
08-28 01:45:37.943  5929  5930 I artd    : GetBestInfo: /data/user_de/0/com.google.android.gms/app_chimera/m/0000000d/dl-MlkitBarcodeUi.optional_250834100800.apk has no usable artifacts
08-28 01:45:37.943  5929  5930 W artd    : Could not get dex checksums for location /data/app/~~fkTUWUgoJ89bfjCDEAsrVQ==/com.google.android.gms-HMHW6ev0Wwm1UYNtccMTFQ==/base.apk, fd=-1
08-28 01:45:37.944  5929  5930 W artd    : Could not get dex checksums for location /data/app/~~fkTUWUgoJ89bfjCDEAsrVQ==/com.google.android.gms-HMHW6ev0Wwm1UYNtccMTFQ==/base.apk, fd=-1
08-28 01:45:37.944  5929  5930 W artd    : Could not get dex checksums for location /data/app/~~fkTUWUgoJ89bfjCDEAsrVQ==/com.google.android.gms-HMHW6ev0Wwm1UYNtccMTFQ==/base.apk, fd=-1
08-28 01:45:37.945  5929  5930 W artd    : Could not get dex checksums for location /data/app/~~fkTUWUgoJ89bfjCDEAsrVQ==/com.google.android.gms-HMHW6ev0Wwm1UYNtccMTFQ==/base.apk, fd=-1
08-28 01:45:37.945  5929  5930 W artd    : Could not get dex checksums for location /data/app/~~70TpSpbP5GY1cZxPkAGKnQ==/com.android.vending-ApTzBNCK8nvtkmkDb97RCg==/base.apk, fd=-1
08-28 01:45:42.926  1082  1271 D SatelliteController: iisInCarrierRoamingNbIotNtn: satellite is disabled
08-28 01:45:47.826  6031  6031 W dumpsys : Thread Pool max thread count is 0. Cannot cache binder as linkToDeath cannot be implemented. serviceName: package
08-28 01:45:47.917  5929  5930 I artd    : GetBestInfo: odex next to the dex file (/data/app/~~2hE3nhleZ5ZHl_UZdQtTgQ==/com.google.android.gms-OtLW9kFk1jlGiudkYF0V5w==/oat/x86_64/base.odex) is kOatUpToDate with filter 'speed-profile' executable 'false'
08-28 01:45:47.918  5929  5930 I artd    : GetBestInfo: odex next to the dex file (/data/app/~~2hE3nhleZ5ZHl_UZdQtTgQ==/com.google.android.gms-OtLW9kFk1jlGiudkYF0V5w==/oat/x86_64/split_AdsDynamite_installtime.odex) is kOatUpToDate with filter 'speed' executable 'false'
08-28 01:45:47.919  5929  5930 I artd    : GetBestInfo: odex next to the dex file (/data/app/~~2hE3nhleZ5ZHl_UZdQtTgQ==/com.google.android.gms-OtLW9kFk1jlGiudkYF0V5w==/oat/x86_64/split_CronetDynamite_installtime.odex) is kOatUpToDate with filter 'speed' executable 'false'
08-28 01:45:47.920  5929  5948 I artd    : GetBestInfo: odex next to the dex file (/data/app/~~2hE3nhleZ5ZHl_UZdQtTgQ==/com.google.android.gms-OtLW9kFk1jlGiudkYF0V5w==/oat/x86_64/split_DynamiteLoader_installtime.odex) is kOatUpToDate with filter 'speed' executable 'false'
08-28 01:45:47.922  5929  5948 I artd    : GetBestInfo: odex next to the dex file (/data/app/~~2hE3nhleZ5ZHl_UZdQtTgQ==/com.google.android.gms-OtLW9kFk1jlGiudkYF0V5w==/oat/x86_64/split_DynamiteModulesA_installtime.odex) is kOatUpToDate with filter 'speed' executable 'false'
08-28 01:45:47.923  5929  5948 I artd    : GetBestInfo: odex next to the dex file (/data/app/~~2hE3nhleZ5ZHl_UZdQtTgQ==/com.google.android.gms-OtLW9kFk1jlGiudkYF0V5w==/oat/x86_64/split_DynamiteModulesC_installtime.odex) is kOatUpToDate with filter 'speed' executable 'false'
08-28 01:45:47.924  5929  5930 I artd    : GetBestInfo: odex next to the dex file (/data/app/~~2hE3nhleZ5ZHl_UZdQtTgQ==/com.google.android.gms-OtLW9kFk1jlGiudkYF0V5w==/oat/x86_64/split_GoogleCertificates_installtime.odex) is kOatUpToDate with filter 'speed' executable 'false'
08-28 01:45:47.925  5929  5930 I artd    : GetBestInfo: odex next to the dex file (/data/app/~~2hE3nhleZ5ZHl_UZdQtTgQ==/com.google.android.gms-OtLW9kFk1jlGiudkYF0V5w==/oat/x86_64/split_MapsDynamite_installtime.odex) is kOatUpToDate with filter 'speed' executable 'false'
08-28 01:45:47.927  5929  5930 I artd    : GetBestInfo: odex next to the dex file (/data/app/~~2hE3nhleZ5ZHl_UZdQtTgQ==/com.google.android.gms-OtLW9kFk1jlGiudkYF0V5w==/oat/x86_64/split_MeasurementDynamite_installtime.odex) is kOatUpToDate with filter 'speed' executable 'false'
08-28 01:45:47.928  5929  5930 I artd    : GetBestInfo: odex next to the dex file (/data/app/~~2hE3nhleZ5ZHl_UZdQtTgQ==/com.google.android.gms-OtLW9kFk1jlGiudkYF0V5w==/oat/x86_64/split_all_locale_splits.odex) is kOatUpToDate with filter 'speed' executable 'false'
08-28 01:45:47.929  5929  5930 I artd    : GetBestInfo: /data/app/~~2hE3nhleZ5ZHl_UZdQtTgQ==/com.google.android.gms-OtLW9kFk1jlGiudkYF0V5w==/split_maps_core_dynamite_ondemand.apk has no usable artifacts
08-28 01:45:47.929  5929  5930 W artd    : Could not get dex checksums for location /data/app/~~fkTUWUgoJ89bfjCDEAsrVQ==/com.google.android.gms-HMHW6ev0Wwm1UYNtccMTFQ==/base.apk, fd=-1
08-28 01:45:47.930  5929  5930 I artd    : GetBestInfo: /data/user_de/0/com.google.android.gms/app_chimera/m/00000001/CronetDynamite.apk has no usable artifacts
08-28 01:45:47.931  5929  5930 I artd    : GetBestInfo: /data/user_de/0/com.google.android.gms/app_chimera/m/00000002/DynamiteLoader.apk has no usable artifacts
08-28 01:45:47.931  5929  5930 I artd    : GetBestInfo: /data/user_de/0/com.google.android.gms/app_chimera/m/00000005/GoogleCertificates.apk has no usable artifacts
08-28 01:45:47.931  5929  5930 W artd    : Could not get dex checksums for location /data/app/~~fkTUWUgoJ89bfjCDEAsrVQ==/com.google.android.gms-HMHW6ev0Wwm1UYNtccMTFQ==/base.apk, fd=-1
08-28 01:45:47.932  5929  5930 W artd    : Could not get dex checksums for location /data/app/~~fkTUWUgoJ89bfjCDEAsrVQ==/com.google.android.gms-HMHW6ev0Wwm1UYNtccMTFQ==/base.apk, fd=-1
08-28 01:45:47.932  5929  5930 W artd    : Could not get dex checksums for location /data/app/~~fkTUWUgoJ89bfjCDEAsrVQ==/com.google.android.gms-HMHW6ev0Wwm1UYNtccMTFQ==/base.apk, fd=-1
08-28 01:45:47.933  5929  5930 W artd    : Could not get dex checksums for location /data/app/~~fkTUWUgoJ89bfjCDEAsrVQ==/com.google.android.gms-HMHW6ev0Wwm1UYNtccMTFQ==/base.apk, fd=-1
08-28 01:45:47.934  5929  5930 W artd    : Could not get dex checksums for location /data/app/~~fkTUWUgoJ89bfjCDEAsrVQ==/com.google.android.gms-HMHW6ev0Wwm1UYNtccMTFQ==/base.apk, fd=-1
08-28 01:45:47.934  5929  5930 W artd    : Could not get dex checksums for location /data/app/~~fkTUWUgoJ89bfjCDEAsrVQ==/com.google.android.gms-HMHW6ev0Wwm1UYNtccMTFQ==/base.apk, fd=-1
08-28 01:45:47.936  5929  5930 I artd    : GetBestInfo: /data/user_de/0/com.google.android.gms/app_chimera/m/0000000a/dl-MlkitOcrCommon.optional_250834100800.apk has no usable artifacts
08-28 01:45:47.937  5929  5930 I artd    : GetBestInfo: /data/user/0/com.google.android.gms/app_dg_cache/102D60F934AAF5C765E1A637C72AF11901185F37/the.apk has no usable artifacts
08-28 01:45:47.938  5929  5930 I artd    : GetBestInfo: /data/user/0/com.google.android.gms/app_dg_cache/8E363C1D31A53F3D2607B6574B191D5DCBECD7F6/the.apk has no usable artifacts
08-28 01:45:47.938  5929  5930 W artd    : Could not get dex checksums for location /data/app/~~fkTUWUgoJ89bfjCDEAsrVQ==/com.google.android.gms-HMHW6ev0Wwm1UYNtccMTFQ==/base.apk, fd=-1
08-28 01:45:47.939  5929  5930 I artd    : GetBestInfo: /data/user_de/0/com.google.android.gms/app_chimera/m/0000000f/dl-Appsearch.optional_250834100800.apk has no usable artifacts
08-28 01:45:47.940  5929  5930 I artd    : GetBestInfo: /data/user_de/0/com.google.android.gms/app_chimera/m/00000009/dl-VisionOcr.optional_250834100000.apk has no usable artifacts
08-28 01:45:47.940  5929  5930 W artd    : Could not get dex checksums for location /data/app/~~fkTUWUgoJ89bfjCDEAsrVQ==/com.google.android.gms-HMHW6ev0Wwm1UYNtccMTFQ==/base.apk, fd=-1
08-28 01:45:47.941  5929  5930 W artd    : Could not get dex checksums for location /data/app/~~fkTUWUgoJ89bfjCDEAsrVQ==/com.google.android.gms-HMHW6ev0Wwm1UYNtccMTFQ==/base.apk, fd=-1
08-28 01:45:47.941  5929  5930 W artd    : Could not get dex checksums for location /data/app/~~fkTUWUgoJ89bfjCDEAsrVQ==/com.google.android.gms-HMHW6ev0Wwm1UYNtccMTFQ==/base.apk, fd=-1
08-28 01:45:47.942  5929  5930 W artd    : Could not get dex checksums for location /data/app/~~fkTUWUgoJ89bfjCDEAsrVQ==/com.google.android.gms-HMHW6ev0Wwm1UYNtccMTFQ==/base.apk, fd=-1
08-28 01:45:47.942  5929  5930 W artd    : Could not get dex checksums for location /data/app/~~fkTUWUgoJ89bfjCDEAsrVQ==/com.google.android.gms-HMHW6ev0Wwm1UYNtccMTFQ==/base.apk, fd=-1
08-28 01:45:47.944  5929  5930 I artd    : GetBestInfo: /data/user_de/0/com.google.android.gms/app_chimera/m/0000000d/dl-MlkitBarcodeUi.optional_250834100800.apk has no usable artifacts
08-28 01:45:47.944  5929  5930 W artd    : Could not get dex checksums for location /data/app/~~fkTUWUgoJ89bfjCDEAsrVQ==/com.google.android.gms-HMHW6ev0Wwm1UYNtccMTFQ==/base.apk, fd=-1
08-28 01:45:47.945  5929  5930 W artd    : Could not get dex checksums for location /data/app/~~fkTUWUgoJ89bfjCDEAsrVQ==/com.google.android.gms-HMHW6ev0Wwm1UYNtccMTFQ==/base.apk, fd=-1
08-28 01:45:47.945  5929  5930 W artd    : Could not get dex checksums for location /data/app/~~fkTUWUgoJ89bfjCDEAsrVQ==/com.google.android.gms-HMHW6ev0Wwm1UYNtccMTFQ==/base.apk, fd=-1
08-28 01:45:47.946  5929  5930 W artd    : Could not get dex checksums for location /data/app/~~fkTUWUgoJ89bfjCDEAsrVQ==/com.google.android.gms-HMHW6ev0Wwm1UYNtccMTFQ==/base.apk, fd=-1
08-28 01:45:47.946  5929  5930 W artd    : Could not get dex checksums for location /data/app/~~70TpSpbP5GY1cZxPkAGKnQ==/com.android.vending-ApTzBNCK8nvtkmkDb97RCg==/base.apk, fd=-1
08-28 01:45:52.926  1082  1271 D SatelliteController: iisInCarrierRoamingNbIotNtn: satellite is disabled
08-28 01:45:57.823  6034  6034 W dumpsys : Thread Pool max thread count is 0. Cannot cache binder as linkToDeath cannot be implemented. serviceName: package
08-28 01:45:57.917  5929  5930 I artd    : GetBestInfo: odex next to the dex file (/data/app/~~2hE3nhleZ5ZHl_UZdQtTgQ==/com.google.android.gms-OtLW9kFk1jlGiudkYF0V5w==/oat/x86_64/base.odex) is kOatUpToDate with filter 'speed-profile' executable 'false'
08-28 01:45:57.920  5929  5930 I artd    : GetBestInfo: odex next to the dex file (/data/app/~~2hE3nhleZ5ZHl_UZdQtTgQ==/com.google.android.gms-OtLW9kFk1jlGiudkYF0V5w==/oat/x86_64/split_AdsDynamite_installtime.odex) is kOatUpToDate with filter 'speed' executable 'false'
08-28 01:45:57.921  5929  5930 I artd    : GetBestInfo: odex next to the dex file (/data/app/~~2hE3nhleZ5ZHl_UZdQtTgQ==/com.google.android.gms-OtLW9kFk1jlGiudkYF0V5w==/oat/x86_64/split_CronetDynamite_installtime.odex) is kOatUpToDate with filter 'speed' executable 'false'
08-28 01:45:57.922  5929  5948 I artd    : GetBestInfo: odex next to the dex file (/data/app/~~2hE3nhleZ5ZHl_UZdQtTgQ==/com.google.android.gms-OtLW9kFk1jlGiudkYF0V5w==/oat/x86_64/split_DynamiteLoader_installtime.odex) is kOatUpToDate with filter 'speed' executable 'false'
08-28 01:45:57.924  5929  5948 I artd    : GetBestInfo: odex next to the dex file (/data/app/~~2hE3nhleZ5ZHl_UZdQtTgQ==/com.google.android.gms-OtLW9kFk1jlGiudkYF0V5w==/oat/x86_64/split_DynamiteModulesA_installtime.odex) is kOatUpToDate with filter 'speed' executable 'false'
08-28 01:45:57.925  5929  5948 I artd    : GetBestInfo: odex next to the dex file (/data/app/~~2hE3nhleZ5ZHl_UZdQtTgQ==/com.google.android.gms-OtLW9kFk1jlGiudkYF0V5w==/oat/x86_64/split_DynamiteModulesC_installtime.odex) is kOatUpToDate with filter 'speed' executable 'false'
08-28 01:45:57.926  5929  5948 I artd    : GetBestInfo: odex next to the dex file (/data/app/~~2hE3nhleZ5ZHl_UZdQtTgQ==/com.google.android.gms-OtLW9kFk1jlGiudkYF0V5w==/oat/x86_64/split_GoogleCertificates_installtime.odex) is kOatUpToDate with filter 'speed' executable 'false'
08-28 01:45:57.928  5929  5948 I artd    : GetBestInfo: odex next to the dex file (/data/app/~~2hE3nhleZ5ZHl_UZdQtTgQ==/com.google.android.gms-OtLW9kFk1jlGiudkYF0V5w==/oat/x86_64/split_MapsDynamite_installtime.odex) is kOatUpToDate with filter 'speed' executable 'false'
08-28 01:45:57.929  5929  5948 I artd    : GetBestInfo: odex next to the dex file (/data/app/~~2hE3nhleZ5ZHl_UZdQtTgQ==/com.google.android.gms-OtLW9kFk1jlGiudkYF0V5w==/oat/x86_64/split_MeasurementDynamite_installtime.odex) is kOatUpToDate with filter 'speed' executable 'false'
08-28 01:45:57.931  5929  5948 I artd    : GetBestInfo: odex next to the dex file (/data/app/~~2hE3nhleZ5ZHl_UZdQtTgQ==/com.google.android.gms-OtLW9kFk1jlGiudkYF0V5w==/oat/x86_64/split_all_locale_splits.odex) is kOatUpToDate with filter 'speed' executable 'false'
08-28 01:45:57.932  5929  5948 I artd    : GetBestInfo: /data/app/~~2hE3nhleZ5ZHl_UZdQtTgQ==/com.google.android.gms-OtLW9kFk1jlGiudkYF0V5w==/split_maps_core_dynamite_ondemand.apk has no usable artifacts
08-28 01:45:57.932  5929  5948 W artd    : Could not get dex checksums for location /data/app/~~fkTUWUgoJ89bfjCDEAsrVQ==/com.google.android.gms-HMHW6ev0Wwm1UYNtccMTFQ==/base.apk, fd=-1
08-28 01:45:57.933  5929  5948 I artd    : GetBestInfo: /data/user_de/0/com.google.android.gms/app_chimera/m/00000001/CronetDynamite.apk has no usable artifacts
08-28 01:45:57.933  5929  5948 I artd    : GetBestInfo: /data/user_de/0/com.google.android.gms/app_chimera/m/00000002/DynamiteLoader.apk has no usable artifacts
08-28 01:45:57.933  5929  5948 I artd    : GetBestInfo: /data/user_de/0/com.google.android.gms/app_chimera/m/00000005/GoogleCertificates.apk has no usable artifacts
08-28 01:45:57.934  5929  5948 W artd    : Could not get dex checksums for location /data/app/~~fkTUWUgoJ89bfjCDEAsrVQ==/com.google.android.gms-HMHW6ev0Wwm1UYNtccMTFQ==/base.apk, fd=-1
08-28 01:45:57.934  5929  5948 W artd    : Could not get dex checksums for location /data/app/~~fkTUWUgoJ89bfjCDEAsrVQ==/com.google.android.gms-HMHW6ev0Wwm1UYNtccMTFQ==/base.apk, fd=-1
08-28 01:45:57.934  5929  5948 W artd    : Could not get dex checksums for location /data/app/~~fkTUWUgoJ89bfjCDEAsrVQ==/com.google.android.gms-HMHW6ev0Wwm1UYNtccMTFQ==/base.apk, fd=-1
08-28 01:45:57.935  5929  5948 W artd    : Could not get dex checksums for location /data/app/~~fkTUWUgoJ89bfjCDEAsrVQ==/com.google.android.gms-HMHW6ev0Wwm1UYNtccMTFQ==/base.apk, fd=-1
08-28 01:45:57.936  5929  5948 W artd    : Could not get dex checksums for location /data/app/~~fkTUWUgoJ89bfjCDEAsrVQ==/com.google.android.gms-HMHW6ev0Wwm1UYNtccMTFQ==/base.apk, fd=-1
08-28 01:45:57.936  5929  5948 W artd    : Could not get dex checksums for location /data/app/~~fkTUWUgoJ89bfjCDEAsrVQ==/com.google.android.gms-HMHW6ev0Wwm1UYNtccMTFQ==/base.apk, fd=-1
08-28 01:45:57.937  5929  5948 I artd    : GetBestInfo: /data/user_de/0/com.google.android.gms/app_chimera/m/0000000a/dl-MlkitOcrCommon.optional_250834100800.apk has no usable artifacts
08-28 01:45:57.938  5929  5948 I artd    : GetBestInfo: /data/user/0/com.google.android.gms/app_dg_cache/102D60F934AAF5C765E1A637C72AF11901185F37/the.apk has no usable artifacts
08-28 01:45:57.939  5929  5948 I artd    : GetBestInfo: /data/user/0/com.google.android.gms/app_dg_cache/8E363C1D31A53F3D2607B6574B191D5DCBECD7F6/the.apk has no usable artifacts
08-28 01:45:57.939  5929  5948 W artd    : Could not get dex checksums for location /data/app/~~fkTUWUgoJ89bfjCDEAsrVQ==/com.google.android.gms-HMHW6ev0Wwm1UYNtccMTFQ==/base.apk, fd=-1
08-28 01:45:57.941  5929  5948 I artd    : GetBestInfo: /data/user_de/0/com.google.android.gms/app_chimera/m/0000000f/dl-Appsearch.optional_250834100800.apk has no usable artifacts
08-28 01:45:57.942  5929  5948 I artd    : GetBestInfo: /data/user_de/0/com.google.android.gms/app_chimera/m/00000009/dl-VisionOcr.optional_250834100000.apk has no usable artifacts
08-28 01:45:57.942  5929  5948 W artd    : Could not get dex checksums for location /data/app/~~fkTUWUgoJ89bfjCDEAsrVQ==/com.google.android.gms-HMHW6ev0Wwm1UYNtccMTFQ==/base.apk, fd=-1
08-28 01:45:57.943  5929  5948 W artd    : Could not get dex checksums for location /data/app/~~fkTUWUgoJ89bfjCDEAsrVQ==/com.google.android.gms-HMHW6ev0Wwm1UYNtccMTFQ==/base.apk, fd=-1
08-28 01:45:57.943  5929  5948 W artd    : Could not get dex checksums for location /data/app/~~fkTUWUgoJ89bfjCDEAsrVQ==/com.google.android.gms-HMHW6ev0Wwm1UYNtccMTFQ==/base.apk, fd=-1
08-28 01:45:57.944  5929  5948 W artd    : Could not get dex checksums for location /data/app/~~fkTUWUgoJ89bfjCDEAsrVQ==/com.google.android.gms-HMHW6ev0Wwm1UYNtccMTFQ==/base.apk, fd=-1
08-28 01:45:57.944  5929  5948 W artd    : Could not get dex checksums for location /data/app/~~fkTUWUgoJ89bfjCDEAsrVQ==/com.google.android.gms-HMHW6ev0Wwm1UYNtccMTFQ==/base.apk, fd=-1
08-28 01:45:57.945  5929  5948 I artd    : GetBestInfo: /data/user_de/0/com.google.android.gms/app_chimera/m/0000000d/dl-MlkitBarcodeUi.optional_250834100800.apk has no usable artifacts
08-28 01:45:57.945  5929  5948 W artd    : Could not get dex checksums for location /data/app/~~fkTUWUgoJ89bfjCDEAsrVQ==/com.google.android.gms-HMHW6ev0Wwm1UYNtccMTFQ==/base.apk, fd=-1
08-28 01:45:57.946  5929  5948 W artd    : Could not get dex checksums for location /data/app/~~fkTUWUgoJ89bfjCDEAsrVQ==/com.google.android.gms-HMHW6ev0Wwm1UYNtccMTFQ==/base.apk, fd=-1
08-28 01:45:57.946  5929  5948 W artd    : Could not get dex checksums for location /data/app/~~fkTUWUgoJ89bfjCDEAsrVQ==/com.google.android.gms-HMHW6ev0Wwm1UYNtccMTFQ==/base.apk, fd=-1
08-28 01:45:57.947  5929  5948 W artd    : Could not get dex checksums for location /data/app/~~fkTUWUgoJ89bfjCDEAsrVQ==/com.google.android.gms-HMHW6ev0Wwm1UYNtccMTFQ==/base.apk, fd=-1
08-28 01:45:57.947  5929  5948 W artd    : Could not get dex checksums for location /data/app/~~70TpSpbP5GY1cZxPkAGKnQ==/com.android.vending-ApTzBNCK8nvtkmkDb97RCg==/base.apk, fd=-1
08-28 01:46:02.926  1082  1271 D SatelliteController: iisInCarrierRoamingNbIotNtn: satellite is disabled
08-28 01:46:03.055   695  1170 D ActivityManager: sync unfroze 1441 com.google.android.gms for 6
08-28 01:46:03.063   695  1740 W ProcessStats: Tracking association SourceState{45e5ff9 com.google.android.gms.persistent/10148 ImpBg #3077} whose proc state 6 is better than process ProcessState{e1eda67 com.google.android.gms/10148 pkg=com.google.android.gms} proc state 14 (9 skipped)
08-28 01:46:03.064  1274  1274 D BoundBrokerSvc: onUnbind: Intent { act=com.google.android.gms.auth.aang.events.services.START dat=chimera-action:/... xflg=0x4 cmp=com.google.android.gms/.chimera.PersistentApiService }
08-28 01:46:03.066  1441  1441 D BoundBrokerSvc: onBind: Intent { act=com.google.android.gms.notifications.registration.service.NotificationsRegistrationTaskBoundService.ACTION_TASK_READY dat=chimera-action:/... xflg=0x4 cmp=com.google.android.gms/.chimera.GmsInternalBoundBrokerService }
08-28 01:46:03.066  1441  1441 D BoundBrokerSvc: Loading bound service for intent: Intent { act=com.google.android.gms.notifications.registration.service.NotificationsRegistrationTaskBoundService.ACTION_TASK_READY dat=chimera-action:/... xflg=0x4 cmp=com.google.android.gms/.chimera.GmsInternalBoundBrokerService }
08-28 01:46:03.076  1441  1441 I GmsCoreXrpcWrapper: (REDACTED) Returning a channel provider with trafficStatsTag=%d trafficStatsUid=%d
08-28 01:46:03.087  1274  5520 I NetworkScheduler.Stats: (REDACTED) Task %s/%s started execution. cause:%s exec_start_elapsed_seconds: %s
08-28 01:46:03.091  1274  5520 I NetworkScheduler.Stats: (REDACTED) Task %s/%s started execution. cause:%s exec_start_elapsed_seconds: %s
08-28 01:46:03.094  1274  1274 D BoundBrokerSvc: onRebind: Intent { act=com.google.android.gms.auth.aang.events.services.START dat=chimera-action:/... xflg=0x4 cmp=com.google.android.gms/.chimera.PersistentApiService }
08-28 01:46:03.130  1274  2490 W GLSUser : [DeviceKeyStore] Cannot load key: Device key file not found.
08-28 01:46:03.133   695  1724 D ActivityManager: sync unfroze 2840 com.google.android.gms.unstable for 6
08-28 01:46:03.134   695   886 D BackgroundInstallControlService: Package event received: 0
08-28 01:46:03.179  2840  5950 W libc    : Access denied finding property "persist.adb.tls_server.enable"
08-28 01:46:03.172  2840  2840 W binder:2840_B: type=1400 audit(0.0:57): avc:  denied  { read } for  name="u:object_r:system_adbd_prop:s0" dev="tmpfs" ino=334 scontext=u:r:gmscore_app:s0:c512,c768 tcontext=u:object_r:system_adbd_prop:s0 tclass=file permissive=0 app=com.google.android.gms
08-28 01:46:03.223   695  1724 D FileUtils: Rounded bytes from 3121074176 to 4000000000
08-28 01:46:03.228  1274  2490 W GmsUrlRequestImpl: [https://android.googleapis.com/auth/devicekey] Content-Type header is overwritten.
08-28 01:46:03.266  1441  1831 I gle.android.gms: Explicit concurrent mark compact GC freed 2896KB AllocSpace bytes, 0(0B) LOS objects, 24% free, 12MB/16MB, paused 2.122ms,2.865ms total 207.976ms
08-28 01:46:03.322  1274  2490 W GLSUser : [AppCertManager] Exception while requesting key: 
08-28 01:46:03.322  1274  2490 W GLSUser : java.util.concurrent.ExecutionException: cjmq: Parse Proto Exception with response code 400
08-28 01:46:03.322  1274  2490 W GLSUser : 	at giok.j(:com.google.android.gms@253031038@25.30.31 (260800-786424874):21)
08-28 01:46:03.322  1274  2490 W GLSUser : 	at giot.u(:com.google.android.gms@253031038@25.30.31 (260800-786424874):71)
08-28 01:46:03.322  1274  2490 W GLSUser : 	at ahes.b(:com.google.android.gms@253031038@25.30.31 (260800-786424874):439)
08-28 01:46:03.322  1274  2490 W GLSUser : 	at aheq.a(:com.google.android.gms@253031038@25.30.31 (260800-786424874):83)
08-28 01:46:03.322  1274  2490 W GLSUser : 	at aheq.fl(:com.google.android.gms@253031038@25.30.31 (260800-786424874):16)
08-28 01:46:03.322  1274  2490 W GLSUser : 	at vew.onTransact(:com.google.android.gms@253031038@25.30.31 (260800-786424874):97)
08-28 01:46:03.322  1274  2490 W GLSUser : 	at android.os.Binder.transact(Binder.java:1273)
08-28 01:46:03.322  1274  2490 W GLSUser : 	at cayb.onTransact(:com.google.android.gms@253031038@25.30.31 (260800-786424874):10)
08-28 01:46:03.322  1274  2490 W GLSUser : 	at android.os.Binder.transact(Binder.java:1273)
08-28 01:46:03.322  1274  2490 W GLSUser : 	at bqmq.onTransact(:com.google.android.gms@253031038@25.30.31 (260800-786424874):157)
08-28 01:46:03.322  1274  2490 W GLSUser : 	at android.os.Binder.execTransactInternal(Binder.java:1426)
08-28 01:46:03.322  1274  2490 W GLSUser : 	at android.os.Binder.execTransact(Binder.java:1365)
08-28 01:46:03.322  1274  2490 W GLSUser : Caused by: cjmq: Parse Proto Exception with response code 400
08-28 01:46:03.322  1274  2490 W GLSUser : 	at cjnv.b(:com.google.android.gms@253031038@25.30.31 (260800-786424874):71)
08-28 01:46:03.322  1274  2490 W GLSUser : 	at cjql.d(:com.google.android.gms@253031038@25.30.31 (260800-786424874):18)
08-28 01:46:03.322  1274  2490 W GLSUser : 	at cjrc.onSucceeded(:com.google.android.gms@253031038@25.30.31 (260800-786424874):9)
08-28 01:46:03.322  1274  2490 W GLSUser : 	at m1.nc.onSucceeded(:com.google.android.gms.dynamite_cronetdynamite@253031038@25.30.31 (260800-0):3)
08-28 01:46:03.322  1274  2490 W GLSUser : 	at m1.ly.run(:com.google.android.gms.dynamite_cronetdynamite@253031038@25.30.31 (260800-0):21)
08-28 01:46:03.322  1274  2490 W GLSUser : 	at m1.ls.run(:com.google.android.gms.dynamite_cronetdynamite@253031038@25.30.31 (260800-0):31)
08-28 01:46:03.322  1274  2490 W GLSUser : 	at badt.c(:com.google.android.gms@253031038@25.30.31 (260800-786424874):50)
08-28 01:46:03.322  1274  2490 W GLSUser : 	at badt.run(:com.google.android.gms@253031038@25.30.31 (260800-786424874):70)
08-28 01:46:03.322  1274  2490 W GLSUser : 	at java.util.concurrent.ThreadPoolExecutor.runWorker(ThreadPoolExecutor.java:1156)
08-28 01:46:03.322  1274  2490 W GLSUser : 	at java.util.concurrent.ThreadPoolExecutor$Worker.run(ThreadPoolExecutor.java:651)
08-28 01:46:03.322  1274  2490 W GLSUser : 	at bajl.run(:com.google.android.gms@253031038@25.30.31 (260800-786424874):8)
08-28 01:46:03.322  1274  2490 W GLSUser : 	at java.lang.Thread.run(Thread.java:1119)
08-28 01:46:03.322  1274  2490 W GLSUser : Caused by: hckk: Protocol message contained an invalid tag (zero).
08-28 01:46:03.322  1274  2490 W GLSUser : 	at hchg.k(:com.google.android.gms@253031038@25.30.31 (260800-786424874):43)
08-28 01:46:03.322  1274  2490 W GLSUser : 	at hclk.c(:com.google.android.gms@253031038@25.30.31 (260800-786424874):398)
08-28 01:46:03.322  1274  2490 W GLSUser : 	at hclk.i(:com.google.android.gms@253031038@25.30.31 (260800-786424874):8)
08-28 01:46:03.322  1274  2490 W GLSUser : 	at hcjo.y(:com.google.android.gms@253031038@25.30.31 (260800-786424874):23)
08-28 01:46:03.322  1274  2490 W GLSUser : 	at hcjj.g(:com.google.android.gms@253031038@25.30.31 (260800-786424874):3)
08-28 01:46:03.322  1274  2490 W GLSUser : 	at hchc.e(:com.google.android.gms@253031038@25.30.31 (260800-786424874):1)
08-28 01:46:03.322  1274  2490 W GLSUser : 	at hchc.d(:com.google.android.gms@253031038@25.30.31 (260800-786424874):3)
08-28 01:46:03.322  1274  2490 W GLSUser : 	at hchc.p(:com.google.android.gms@253031038@25.30.31 (260800-786424874):1)
08-28 01:46:03.322  1274  2490 W GLSUser : 	at cjnv.g(:com.google.android.gms@253031038@25.30.31 (260800-786424874):69)
08-28 01:46:03.322  1274  2490 W GLSUser : 	at cjnv.b(:com.google.android.gms@253031038@25.30.31 (260800-786424874):11)
08-28 01:46:03.322  1274  2490 W GLSUser : 	... 11 more
08-28 01:46:03.323  1274  2490 W GLSUser : [DeviceKeyStore] Cannot load key: Device key file not found.
08-28 01:46:03.325  1274  2490 W GLSUser : [DeviceKeyStore] Cannot load key: Device key file not found.
08-28 01:46:03.325  1274  2490 W GLSUser : [DeviceKeyStore] Cannot load key: Device key file not found.
08-28 01:46:03.326  1441  1831 E hxmd    : *~*~*~ Previous channel {0} was garbage collected without being shut down! ~*~*~*
08-28 01:46:03.326  1441  1831 E hxmd    :     Make sure to call shutdown()/shutdownNow()
08-28 01:46:03.326  1441  1831 E hxmd    : java.lang.RuntimeException: ManagedChannel allocation site
08-28 01:46:03.326  1441  1831 E hxmd    : 	at hxmc.<init>(:com.google.android.gms@253031038@25.30.31 (260800-786424874):21)
08-28 01:46:03.326  1441  1831 E hxmd    : 	at hxmd.<init>(:com.google.android.gms@253031038@25.30.31 (260800-786424874):10)
08-28 01:46:03.326  1441  1831 E hxmd    : 	at hxmb.a(:com.google.android.gms@253031038@25.30.31 (260800-786424874):250)
08-28 01:46:03.326  1441  1831 E hxmd    : 	at hwwz.a(:com.google.android.gms@253031038@25.30.31 (260800-786424874):5)
08-28 01:46:03.326  1441  1831 E hxmd    : 	at ckwx.h(:com.google.android.gms@253031038@25.30.31 (260800-786424874):81)
08-28 01:46:03.326  1441  1831 E hxmd    : 	at gmcp.a(:com.google.android.gms@253031038@25.30.31 (260800-786424874):182)
08-28 01:46:03.326  1441  1831 E hxmd    : 	at gamj.a(:com.google.android.gms@253031038@25.30.31 (260800-786424874):13)
08-28 01:46:03.326  1441  1831 E hxmd    : 	at gisu.a(:com.google.android.gms@253031038@25.30.31 (260800-786424874):3)
08-28 01:46:03.326  1441  1831 E hxmd    : 	at girv.run(:com.google.android.gms@253031038@25.30.31 (260800-786424874):19)
08-28 01:46:03.326  1441  1831 E hxmd    : 	at gisw.run(:com.google.android.gms@253031038@25.30.31 (260800-786424874):5)
08-28 01:46:03.326  1441  1831 E hxmd    : 	at badt.c(:com.google.android.gms@253031038@25.30.31 (260800-786424874):50)
08-28 01:46:03.326  1441  1831 E hxmd    : 	at badt.run(:com.google.android.gms@253031038@25.30.31 (260800-786424874):70)
08-28 01:46:03.326  1441  1831 E hxmd    : 	at java.util.concurrent.ThreadPoolExecutor.runWorker(ThreadPoolExecutor.java:1156)
08-28 01:46:03.326  1441  1831 E hxmd    : 	at java.util.concurrent.ThreadPoolExecutor$Worker.run(ThreadPoolExecutor.java:651)
08-28 01:46:03.326  1441  1831 E hxmd    : 	at bajl.run(:com.google.android.gms@253031038@25.30.31 (260800-786424874):8)
08-28 01:46:03.326  1441  1831 E hxmd    : 	at java.lang.Thread.run(Thread.java:1119)
08-28 01:46:03.326  1441  1831 E hxmd    : *~*~*~ Previous channel {0} was garbage collected without being shut down! ~*~*~*
08-28 01:46:03.326  1441  1831 E hxmd    :     Make sure to call shutdown()/shutdownNow()
08-28 01:46:03.326  1441  1831 E hxmd    : java.lang.RuntimeException: ManagedChannel allocation site
08-28 01:46:03.326  1441  1831 E hxmd    : 	at hxmc.<init>(:com.google.android.gms@253031038@25.30.31 (260800-786424874):21)
08-28 01:46:03.326  1441  1831 E hxmd    : 	at hxmd.<init>(:com.google.android.gms@253031038@25.30.31 (260800-786424874):10)
08-28 01:46:03.326  1441  1831 E hxmd    : 	at hxmb.a(:com.google.android.gms@253031038@25.30.31 (260800-786424874):250)
08-28 01:46:03.326  1441  1831 E hxmd    : 	at hwwz.a(:com.google.android.gms@253031038@25.30.31 (260800-786424874):5)
08-28 01:46:03.326  1441  1831 E hxmd    : 	at ckwx.h(:com.google.android.gms@253031038@25.30.31 (260800-786424874):81)
08-28 01:46:03.326  1441  1831 E hxmd    : 	at gmcp.a(:com.google.android.gms@253031038@25.30.31 (260800-786424874):182)
08-28 01:46:03.326  1441  1831 E hxmd    : 	at gamj.a(:com.google.android.gms@253031038@25.30.31 (260800-786424874):13)
08-28 01:46:03.326  1441  1831 E hxmd    : 	at gisu.a(:com.google.android.gms@253031038@25.30.31 (260800-786424874):3)
08-28 01:46:03.326  1441  1831 E hxmd    : 	at girv.run(:com.google.android.gms@253031038@25.30.31 (260800-786424874):19)
08-28 01:46:03.326  1441  1831 E hxmd    : 	at gisw.run(:com.google.android.gms@253031038@25.30.31 (260800-786424874):5)
08-28 01:46:03.326  1441  1831 E hxmd    : 	at badt.c(:com.google.android.gms@253031038@25.30.31 (260800-786424874):50)
08-28 01:46:03.326  1441  1831 E hxmd    : 	at badt.run(:com.google.android.gms@253031038@25.30.31 (260800-786424874):70)
08-28 01:46:03.326  1441  1831 E hxmd    : 	at java.util.concurrent.ThreadPoolExecutor.runWorker(ThreadPoolExecutor.java:1156)
08-28 01:46:03.326  1441  1831 E hxmd    : 	at java.util.concurrent.ThreadPoolExecutor$Worker.run(ThreadPoolExecutor.java:651)
08-28 01:46:03.326  1441  1831 E hxmd    : 	at bajl.run(:com.google.android.gms@253031038@25.30.31 (260800-786424874):8)
08-28 01:46:03.326  1441  1831 E hxmd    : 	at java.lang.Thread.run(Thread.java:1119)
08-28 01:46:03.326  1441  1831 E hxmd    : *~*~*~ Previous channel {0} was garbage collected without being shut down! ~*~*~*
08-28 01:46:03.326  1441  1831 E hxmd    :     Make sure to call shutdown()/shutdownNow()
08-28 01:46:03.326  1441  1831 E hxmd    : java.lang.RuntimeException: ManagedChannel allocation site
08-28 01:46:03.326  1441  1831 E hxmd    : 	at hxmc.<init>(:com.google.android.gms@253031038@25.30.31 (260800-786424874):21)
08-28 01:46:03.326  1441  1831 E hxmd    : 	at hxmd.<init>(:com.google.android.gms@253031038@25.30.31 (260800-786424874):10)
08-28 01:46:03.326  1441  1831 E hxmd    : 	at hxmb.a(:com.google.android.gms@253031038@25.30.31 (260800-786424874):250)
08-28 01:46:03.326  1441  1831 E hxmd    : 	at hwwz.a(:com.google.android.gms@253031038@25.30.31 (260800-786424874):5)
08-28 01:46:03.326  1441  1831 E hxmd    : 	at ckwx.h(:com.google.android.gms@253031038@25.30.31 (260800-786424874):81)
08-28 01:46:03.326  1441  1831 E hxmd    : 	at gmcp.a(:com.google.android.gms@253031038@25.30.31 (260800-786424874):182)
08-28 01:46:03.326  1441  1831 E hxmd    : 	at gamj.a(:com.google.android.gms@253031038@25.30.31 (260800-786424874):13)
08-28 01:46:03.326  1441  1831 E hxmd    : 	at gisu.a(:com.google.android.gms@253031038@25.30.31 (260800-786424874):3)
08-28 01:46:03.326  1441  1831 E hxmd    : 	at girv.run(:com.google.android.gms@253031038@25.30.31 (260800-786424874):19)
08-28 01:46:03.326  1441  1831 E hxmd    : 	at gisw.run(:com.google.android.gms@253031038@25.30.31 (260800-786424874):5)
08-28 01:46:03.326  1441  1831 E hxmd    : 	at badt.c(:com.google.android.gms@253031038@25.30.31 (260800-786424874):50)
08-28 01:46:03.326  1441  1831 E hxmd    : 	at badt.run(:com.google.android.gms@253031038@25.30.31 (260800-786424874):70)
08-28 01:46:03.326  1441  1831 E hxmd    : 	at java.util.concurrent.ThreadPoolExecutor.runWorker(ThreadPoolExecutor.java:1156)
08-28 01:46:03.326  1441  1831 E hxmd    : 	at java.util.concurrent.ThreadPoolExecutor$Worker.run(ThreadPoolExecutor.java:651)
08-28 01:46:03.326  1441  1831 E hxmd    : 	at bajl.run(:com.google.android.gms@253031038@25.30.31 (260800-786424874):8)
08-28 01:46:03.326  1441  1831 E hxmd    : 	at java.lang.Thread.run(Thread.java:1119)
08-28 01:46:03.655  1441  3476 I cn_CronetUrlRequestContext: destroyNativeStreamLocked org.chromium.net.impl.CronetBidirectionalStream@d949a49
08-28 01:46:03.657  1441  4062 I NotificationsModuleTask: Registering accounts to Chime Failed & Rescheduled for later. [CONTEXT service_id=358 ]
08-28 01:46:03.659  1274  5959 I NetworkScheduler.Stats: (REDACTED) Task %s/%s finished executing. cause:%s result: %s elapsed_millis: %s uptime_millis: %s exec_start_elapsed_seconds: %s
08-28 01:46:03.662  1441  3476 I cn_CronetUrlRequestContext: destroyNativeStreamLocked org.chromium.net.impl.CronetBidirectionalStream@cbe1f4e
08-28 01:46:03.663  1441  1822 I NotificationsModuleTask: Registering accounts to Chime Failed & Rescheduled for later. [CONTEXT service_id=358 ]
08-28 01:46:03.667  1441  1441 D BoundBrokerSvc: onUnbind: Intent { act=com.google.android.gms.notifications.registration.service.NotificationsRegistrationTaskBoundService.ACTION_TASK_READY dat=chimera-action:/... xflg=0x4 cmp=com.google.android.gms/.chimera.GmsInternalBoundBrokerService }
08-28 01:46:03.675  1274  5959 I NetworkScheduler.Stats: (REDACTED) Task %s/%s finished executing. cause:%s result: %s elapsed_millis: %s uptime_millis: %s exec_start_elapsed_seconds: %s
08-28 01:46:04.027  1274  1274 D BoundBrokerSvc: onRebind: Intent { act=com.google.android.gms.libs.gmscorelogger.service.START dat=chimera-action:/... xflg=0x4 cmp=com.google.android.gms/.chimera.PersistentDirectBootAwareApiService }
08-28 01:46:07.828  6052  6052 W dumpsys : Thread Pool max thread count is 0. Cannot cache binder as linkToDeath cannot be implemented. serviceName: package
08-28 01:46:07.910  5929  5948 I artd    : GetBestInfo: odex next to the dex file (/data/app/~~2hE3nhleZ5ZHl_UZdQtTgQ==/com.google.android.gms-OtLW9kFk1jlGiudkYF0V5w==/oat/x86_64/base.odex) is kOatUpToDate with filter 'speed-profile' executable 'false'
08-28 01:46:07.912  5929  5948 I artd    : GetBestInfo: odex next to the dex file (/data/app/~~2hE3nhleZ5ZHl_UZdQtTgQ==/com.google.android.gms-OtLW9kFk1jlGiudkYF0V5w==/oat/x86_64/split_AdsDynamite_installtime.odex) is kOatUpToDate with filter 'speed' executable 'false'
08-28 01:46:07.914  5929  5948 I artd    : GetBestInfo: odex next to the dex file (/data/app/~~2hE3nhleZ5ZHl_UZdQtTgQ==/com.google.android.gms-OtLW9kFk1jlGiudkYF0V5w==/oat/x86_64/split_CronetDynamite_installtime.odex) is kOatUpToDate with filter 'speed' executable 'false'
08-28 01:46:07.915  5929  5948 I artd    : GetBestInfo: odex next to the dex file (/data/app/~~2hE3nhleZ5ZHl_UZdQtTgQ==/com.google.android.gms-OtLW9kFk1jlGiudkYF0V5w==/oat/x86_64/split_DynamiteLoader_installtime.odex) is kOatUpToDate with filter 'speed' executable 'false'
08-28 01:46:07.916  5929  5948 I artd    : GetBestInfo: odex next to the dex file (/data/app/~~2hE3nhleZ5ZHl_UZdQtTgQ==/com.google.android.gms-OtLW9kFk1jlGiudkYF0V5w==/oat/x86_64/split_DynamiteModulesA_installtime.odex) is kOatUpToDate with filter 'speed' executable 'false'
08-28 01:46:07.917  5929  5948 I artd    : GetBestInfo: odex next to the dex file (/data/app/~~2hE3nhleZ5ZHl_UZdQtTgQ==/com.google.android.gms-OtLW9kFk1jlGiudkYF0V5w==/oat/x86_64/split_DynamiteModulesC_installtime.odex) is kOatUpToDate with filter 'speed' executable 'false'
08-28 01:46:07.919  5929  5948 I artd    : GetBestInfo: odex next to the dex file (/data/app/~~2hE3nhleZ5ZHl_UZdQtTgQ==/com.google.android.gms-OtLW9kFk1jlGiudkYF0V5w==/oat/x86_64/split_GoogleCertificates_installtime.odex) is kOatUpToDate with filter 'speed' executable 'false'
08-28 01:46:07.920  5929  5948 I artd    : GetBestInfo: odex next to the dex file (/data/app/~~2hE3nhleZ5ZHl_UZdQtTgQ==/com.google.android.gms-OtLW9kFk1jlGiudkYF0V5w==/oat/x86_64/split_MapsDynamite_installtime.odex) is kOatUpToDate with filter 'speed' executable 'false'
08-28 01:46:07.921  5929  5948 I artd    : GetBestInfo: odex next to the dex file (/data/app/~~2hE3nhleZ5ZHl_UZdQtTgQ==/com.google.android.gms-OtLW9kFk1jlGiudkYF0V5w==/oat/x86_64/split_MeasurementDynamite_installtime.odex) is kOatUpToDate with filter 'speed' executable 'false'
08-28 01:46:07.923  5929  5948 I artd    : GetBestInfo: odex next to the dex file (/data/app/~~2hE3nhleZ5ZHl_UZdQtTgQ==/com.google.android.gms-OtLW9kFk1jlGiudkYF0V5w==/oat/x86_64/split_all_locale_splits.odex) is kOatUpToDate with filter 'speed' executable 'false'
08-28 01:46:07.924  5929  5948 I artd    : GetBestInfo: /data/app/~~2hE3nhleZ5ZHl_UZdQtTgQ==/com.google.android.gms-OtLW9kFk1jlGiudkYF0V5w==/split_maps_core_dynamite_ondemand.apk has no usable artifacts
08-28 01:46:07.924  5929  5948 W artd    : Could not get dex checksums for location /data/app/~~fkTUWUgoJ89bfjCDEAsrVQ==/com.google.android.gms-HMHW6ev0Wwm1UYNtccMTFQ==/base.apk, fd=-1
08-28 01:46:07.925  5929  5948 I artd    : GetBestInfo: /data/user_de/0/com.google.android.gms/app_chimera/m/00000001/CronetDynamite.apk has no usable artifacts
08-28 01:46:07.925  5929  5948 I artd    : GetBestInfo: /data/user_de/0/com.google.android.gms/app_chimera/m/00000002/DynamiteLoader.apk has no usable artifacts
08-28 01:46:07.925  5929  5948 I artd    : GetBestInfo: /data/user_de/0/com.google.android.gms/app_chimera/m/00000005/GoogleCertificates.apk has no usable artifacts
08-28 01:46:07.926  5929  5948 W artd    : Could not get dex checksums for location /data/app/~~fkTUWUgoJ89bfjCDEAsrVQ==/com.google.android.gms-HMHW6ev0Wwm1UYNtccMTFQ==/base.apk, fd=-1
08-28 01:46:07.926  5929  5948 W artd    : Could not get dex checksums for location /data/app/~~fkTUWUgoJ89bfjCDEAsrVQ==/com.google.android.gms-HMHW6ev0Wwm1UYNtccMTFQ==/base.apk, fd=-1
08-28 01:46:07.927  5929  5948 W artd    : Could not get dex checksums for location /data/app/~~fkTUWUgoJ89bfjCDEAsrVQ==/com.google.android.gms-HMHW6ev0Wwm1UYNtccMTFQ==/base.apk, fd=-1
08-28 01:46:07.927  5929  5948 W artd    : Could not get dex checksums for location /data/app/~~fkTUWUgoJ89bfjCDEAsrVQ==/com.google.android.gms-HMHW6ev0Wwm1UYNtccMTFQ==/base.apk, fd=-1
08-28 01:46:07.928  5929  5948 W artd    : Could not get dex checksums for location /data/app/~~fkTUWUgoJ89bfjCDEAsrVQ==/com.google.android.gms-HMHW6ev0Wwm1UYNtccMTFQ==/base.apk, fd=-1
08-28 01:46:07.928  5929  5948 W artd    : Could not get dex checksums for location /data/app/~~fkTUWUgoJ89bfjCDEAsrVQ==/com.google.android.gms-HMHW6ev0Wwm1UYNtccMTFQ==/base.apk, fd=-1
08-28 01:46:07.929  5929  5948 I artd    : GetBestInfo: /data/user_de/0/com.google.android.gms/app_chimera/m/0000000a/dl-MlkitOcrCommon.optional_250834100800.apk has no usable artifacts
08-28 01:46:07.930  5929  5948 I artd    : GetBestInfo: /data/user/0/com.google.android.gms/app_dg_cache/102D60F934AAF5C765E1A637C72AF11901185F37/the.apk has no usable artifacts
