--------- beginning of main
08-28 01:40:52.895   695   781 I system_server: AssetManager2(0x7a5310c9ce58) locale list changing from [] to [en-US]
--------- beginning of system
08-28 01:40:52.897   695   886 D BackgroundInstallControlService: Package event received: 0
08-28 01:40:52.921  1082  1271 D SatelliteController: iisInCarrierRoamingNbIotNtn: satellite is disabled
08-28 01:40:52.932  1097  1097 D b/387844520: getOutlineOffsetX: measured width = 198, mNormalizedIconSize = 182, last updated width = 198
08-28 01:40:52.934   695  1740 V GrammaticalInflectionUtils: AttributionSource: android.content.AttributionSource@5b7fc78a does not have READ_SYSTEM_GRAMMATICAL_GENDER permission.
08-28 01:40:52.934   695  1740 W OptProp : Cannot read opt property android.window.PROPERTY_COMPAT_ALLOW_USER_ASPECT_RATIO_OVERRIDE
08-28 01:40:52.934   695  1740 W OptProp : Cannot read opt property android.window.PROPERTY_COMPAT_ALLOW_USER_ASPECT_RATIO_FULLSCREEN_OVERRIDE
08-28 01:40:52.934   695  1740 W OptProp : Cannot read opt property android.window.PROPERTY_COMPAT_ALLOW_RESIZEABLE_ACTIVITY_OVERRIDES
08-28 01:40:52.934   695  1740 W OptProp : Cannot read opt property android.window.PROPERTY_COMPAT_ALLOW_MIN_ASPECT_RATIO_OVERRIDE
08-28 01:40:52.936  1097  1143 I s.nexuslauncher: AssetManager2(0x7a5310c2a3f8) locale list changing from [] to [en-US]
08-28 01:40:52.939  1097  1143 W HWUI    : Image decoding logging dropped!
08-28 01:40:52.940   695  1170 W AS.PlaybackActivityMon: No piid assigned for invalid/internal port id 15
08-28 01:40:52.941   543   646 D AudioFlinger: mixer(0x739a10c88770) throttle end: throttle time(36)
08-28 01:40:52.942   695  1740 I ActivityTaskManager: START u0 {act=android.intent.action.MAIN cat=[android.intent.category.LAUNCHER] flg=0x10200000 xflg=0x4 cmp=host.exp.exponent/.experience.HomeActivity bnds=[985,2253][1183,2476]} with LAUNCH_SINGLE_TASK from uid 10182 (sr=112937301) (BAL_ALLOW_VISIBLE_WINDOW) result code=2
08-28 01:40:52.942   928   981 V WindowManagerShell: Transition requested (#47): android.os.BinderProxy@6741dd8 TransitionRequestInfo { type = OPEN, triggerTask = TaskInfo{userId=0 taskId=19 effectiveUid=10218 displayId=0 isRunning=true baseIntent=Intent { act=android.intent.action.MAIN cat=[android.intent.category.LAUNCHER] flg=0x10200000 cmp=host.exp.exponent/.experience.HomeActivity } baseActivity=ComponentInfo{host.exp.exponent/host.exp.exponent.experience.HomeActivity} topActivity=ComponentInfo{host.exp.exponent/host.exp.exponent.experience.HomeActivity} origActivity=null realActivity=ComponentInfo{host.exp.exponent/host.exp.exponent.experience.HomeActivity} numActivities=1 lastActiveTime=2543111 supportsMultiWindow=true resizeMode=1 isResizeable=true minWidth=-1 minHeight=-1 defaultMinSize=220 token=WCT{android.window.IWindowContainerToken$Stub$Proxy@d98b531} topActivityType=1 pictureInPictureParams=null shouldDockBigOverlays=false launchIntoPipHostTaskId=-1 lastParentTaskIdBeforePip=-1 displayCutoutSafeInsets=Rect(0, 156 - 0, 0) topActivityInfo=ActivityInfo{6204416 host.exp.exponent.experience.HomeActivity} launchCookies=[android.os.BinderProxy@f7fe197] positionInParent=Point(0, 0) parentTaskId=-1 isFocused=false isVisible=false isVisibleRequested=false isTopActivityNoDisplay=false isSleeping=false locusId=null displayAreaFeatureId=1 isTopActivityTransparent=false isActivityStackTransparent=false lastNonFullscreenBounds=Rect(329, 830 - 952, 2110) capturedLink=null capturedLinkTimestamp=0 requestedVisibleTypes=-9 topActivityRequestOpenInBrowserEducationTimestamp=0 appCompatTaskInfo=AppCompatTaskInfo { topActivityInSizeCompat=false eligibleForLetterboxEducation= false isLetterboxEducationEnabled= true isLetterboxDoubleTapEnabled= false eligibleForUserAspectRatioButton= false topActivityBoundsLetterboxed= false isFromLetterboxDoubleTap= false topActivityLetterboxVerticalPosition= -1 topActivityLetterboxHorizontalPosition= -1 topActivityLetterboxWidth=-1 topActivityLetterboxHeight=-1 topActivityAppBounds=Rect(0, 0 - 1280, 2856) isUserFullscreenOverrideEnabled=false isSystemFullscreenOverrideEnabled=false hasMinAspectRatioOverride=false topActivityLetterboxBounds=null cameraCompatTaskInfo=CameraCompatTaskInfo { freeformCameraCompatMode=inactive}} topActivityMainWindowFrame=null}, pipChange = null, remoteTransition = RemoteTransition { remoteTransition = android.window.IRemoteTransition$Stub$Proxy@1f93f84, appThread = android.app.IApplicationThread$Stub$Proxy@c92736d, debugName = QuickstepLaunch }, displayChange = null, flags = 0, debugId = 47 }
08-28 01:40:52.942   928   981 D ShellSplitScreen: logExit: no-op, mLoggerSessionId is null
08-28 01:40:52.942   928   981 V WindowManagerShell: RemoteTransition directly requested for (#47) android.os.BinderProxy@6741dd8: RemoteTransition { remoteTransition = android.window.IRemoteTransition$Stub$Proxy@1f93f84, appThread = android.app.IApplicationThread$Stub$Proxy@c92736d, debugName = QuickstepLaunch }
08-28 01:40:52.943   928   981 V WindowManagerShell: Transition (#47): request handled by DefaultMixedHandler
08-28 01:40:52.943  1097  1097 D StatsLog: LAUNCHER_APP_LAUNCH_TAP
08-28 01:40:52.943  1097  1097 D StatsLog: LAUNCHER_HOTSEAT_RANKED
08-28 01:40:52.944   550   583 I BpBinder: onLastStrongRef automatically unlinking death recipients: 
08-28 01:40:52.945   928   981 D WindowManagerShell: onActivityRestartAttempt: topActivity=ComponentInfo{host.exp.exponent/host.exp.exponent.experience.HomeActivity}, wasVisible=false
08-28 01:40:52.945  1097  1097 W SplitSelectStateCtor: Missing session instanceIds
08-28 01:40:52.945  1097  1097 D StatsLog: LAUNCHER_SPLIT_SELECTION_EXIT_INTERRUPTED
08-28 01:40:52.946   928   981 D WindowManagerShell: setLauncherKeepClearAreaHeight: visible=false, height=603
08-28 01:40:52.948  1097  1143 D QuickstepModelDelegate: notifyAppTargetEvent action=1 launchLocation=predictions/hotseat
08-28 01:40:52.949   550   550 I BpBinder: onLastStrongRef automatically unlinking death recipients: 
08-28 01:40:52.949   695   886 D BackgroundInstallControlService: Package event received: 0
08-28 01:40:52.951   695   886 D BackgroundInstallControlService: Package event received: 0
08-28 01:40:52.951   695   886 D BackgroundInstallControlService: Package event received: 0
08-28 01:40:52.952  4899  4899 D ViewRootImpl: Skipping stats log for color mode
08-28 01:40:52.953   695   886 D BackgroundInstallControlService: Package event received: 0
08-28 01:40:52.954  4899  4899 W SoLoader: SoLoader already initialized
08-28 01:40:52.954  4899  4899 W unknown:BridgelessReact: ReactHost{0}.onHostResume(activity)
08-28 01:40:52.955  4899  4899 W unknown:BridgelessReact: ReactContext.onHostResume()
08-28 01:40:52.957  4899  4915 D SessionLifecycleClient: Sending lifecycle 1 to service
08-28 01:40:52.959   695   724 W IPCThreadState: Sending oneway calls to frozen process.
08-28 01:40:52.959   695   724 W IPCThreadState: Sending oneway calls to frozen process.
08-28 01:40:52.959   695   724 W IPCThreadState: Sending oneway calls to frozen process.
08-28 01:40:52.959   695   724 W IPCThreadState: Sending oneway calls to frozen process.
08-28 01:40:52.959   695   724 W IPCThreadState: Sending oneway calls to frozen process.
08-28 01:40:52.959   695   724 W IPCThreadState: Sending oneway calls to frozen process.
08-28 01:40:52.960   695   724 W IPCThreadState: Sending oneway calls to frozen process.
08-28 01:40:52.960   695   724 W IPCThreadState: Sending oneway calls to frozen process.
08-28 01:40:52.960   928  1005 V SnapshotDrawerUtils: Drawing snapshot surface sizeMismatch=true
08-28 01:40:52.960   695   724 W IPCThreadState: Sending oneway calls to frozen process.
08-28 01:40:52.960  4899  4939 D SessionLifecycleService: Activity foregrounding at 2584435.
08-28 01:40:52.960   695   724 W IPCThreadState: Sending oneway calls to frozen process.
08-28 01:40:52.960   695   886 D BackgroundInstallControlService: Package event received: 0
08-28 01:40:52.960   695   886 D BackgroundInstallControlService: Package event received: 0
08-28 01:40:52.960   695   886 D BackgroundInstallControlService: Package event received: 0
08-28 01:40:52.961   695   724 W IPCThreadState: Sending oneway calls to frozen process.
08-28 01:40:52.961   695   724 W IPCThreadState: Sending oneway calls to frozen process.
08-28 01:40:52.962   695   724 W IPCThreadState: Sending oneway calls to frozen process.
08-28 01:40:52.963   695   724 W IPCThreadState: Sending oneway calls to frozen process.
08-28 01:40:52.963   695   724 W IPCThreadState: Sending oneway calls to frozen process.
08-28 01:40:52.963   695   724 W IPCThreadState: Sending oneway calls to frozen process.
08-28 01:40:52.963   695   724 W IPCThreadState: Sending oneway calls to frozen process.
08-28 01:40:52.963   695   724 W IPCThreadState: Sending oneway calls to frozen process.
08-28 01:40:52.963   695   724 W IPCThreadState: Sending oneway calls to frozen process.
08-28 01:40:52.963   695   724 W IPCThreadState: Sending oneway calls to frozen process.
08-28 01:40:52.963   695   724 W IPCThreadState: Sending oneway calls to frozen process.
08-28 01:40:52.963   695   724 W IPCThreadState: Sending oneway calls to frozen process.
08-28 01:40:52.964   695   724 W IPCThreadState: Sending oneway calls to frozen process.
08-28 01:40:52.967   695   724 W IPCThreadState: Sending oneway calls to frozen process.
08-28 01:40:52.967   695   724 W IPCThreadState: Sending oneway calls to frozen process.
08-28 01:40:52.967   695   721 V WindowManager: Sent Transition (#47) createdAt=08-28 01:40:52.935 via request=TransitionRequestInfo { type = OPEN, triggerTask = TaskInfo{userId=0 taskId=19 effectiveUid=10218 displayId=0 isRunning=true baseIntent=Intent { act=android.intent.action.MAIN cat=[android.intent.category.LAUNCHER] flg=0x10200000 cmp=host.exp.exponent/.experience.HomeActivity } baseActivity=ComponentInfo{host.exp.exponent/host.exp.exponent.experience.HomeActivity} topActivity=ComponentInfo{host.exp.exponent/host.exp.exponent.experience.HomeActivity} origActivity=null realActivity=ComponentInfo{host.exp.exponent/host.exp.exponent.experience.HomeActivity} numActivities=1 lastActiveTime=2543111 supportsMultiWindow=true resizeMode=1 isResizeable=true minWidth=-1 minHeight=-1 defaultMinSize=220 token=WCT{RemoteToken{497b069 Task{38841ec #19 type=standard A=10218:host.exp.exponent}}} topActivityType=1 pictureInPictureParams=null shouldDockBigOverlays=false launchIntoPipHostTaskId=-1 lastParentTaskIdBeforePip=-1 displayCutoutSafeInsets=Rect(0, 156 - 0, 0) topActivityInfo=ActivityInfo{68c4aee host.exp.exponent.experience.HomeActivity} launchCookies=[android.os.BinderProxy@45c8621] positionInParent=Point(0, 0) parentTaskId=-1 isFocused=false isVisible=false isVisibleRequested=false isTopActivityNoDisplay=false isSleeping=false locusId=null displayAreaFeatureId=1 isTopActivityTransparent=false isActivityStackTransparent=false lastNonFullscreenBounds=Rect(329, 830 - 952, 2110) capturedLink=null capturedLinkTimestamp=0 requestedVisibleTypes=-9 topActivityRequestOpenInBrowserEducationTimestamp=0 appCompatTaskInfo=AppCompatTaskInfo { topActivityInSizeCompat=false eligibleForLetterboxEducation= false isLetterboxEducationEnabled= true isLetterboxDoubleTapEnabled= false eligibleForUserAspectRatioButton= false topActivityBoundsLetterboxed= false isFromLetterboxDoubleTap= false topActivityLetterboxVerticalPosition= -1 topActivityLetterboxHorizontalPosition= -1 topActivityLetterboxWidth=-1 topActivityLetterboxHeight=-1 topActivityAppBounds=Rect(0, 0 - 1280, 2856) isUserFullscreenOverrideEnabled=false isSystemFullscreenOverrideEnabled=false hasMinAspectRatioOverride=false topActivityLetterboxBounds=null cameraCompatTaskInfo=CameraCompatTaskInfo { freeformCameraCompatMode=inactive}} topActivityMainWindowFrame=null}, pipChange = null, remoteTransition = RemoteTransition { remoteTransition = android.window.IRemoteTransition$Stub$Proxy@ac95a46, appThread = android.app.IApplicationThread$Stub$Proxy@960f407, debugName = QuickstepLaunch }, displayChange = null, flags = 0, debugId = 47 }
08-28 01:40:52.967   695   724 W IPCThreadState: Sending oneway calls to frozen process.
08-28 01:40:52.967   695   724 W IPCThreadState: Sending oneway calls to frozen process.
08-28 01:40:52.968   695   721 V WindowManager:     startWCT=WindowContainerTransaction { changes= {} hops= [] errorCallbackToken=null taskFragmentOrganizer=null }
08-28 01:40:52.969   695   724 W IPCThreadState: Sending oneway calls to frozen process.
08-28 01:40:52.969   928  4822 V WindowManagerShell: onTransitionReady(transaction=2985002272446)
08-28 01:40:52.969   695   721 V WindowManager:     info={id=47 t=OPEN f=0x0 trk=0 r=[0@Point(0, 0)] c=[
08-28 01:40:52.969   695   721 V WindowManager:         {WCT{RemoteToken{497b069 Task{38841ec #19 type=standard A=10218:host.exp.exponent}}} m=TO_FRONT f=MOVE_TO_TOP leash=Surface(name=Task=19)/@0x2bf3f33 sb=Rect(0, 0 - 1280, 2856) eb=Rect(0, 0 - 1280, 2856) epz=Point(1280, 2856) d=0 taskParent=-1},
08-28 01:40:52.969   695   721 V WindowManager:         {WCT{RemoteToken{9aa7a75 Task{3425d1 #1 type=home}}} m=TO_BACK f=SHOW_WALLPAPER leash=Surface(name=Task=1)/@0x4072fc0 sb=Rect(0, 0 - 1280, 2856) eb=Rect(0, 0 - 1280, 2856) epz=Point(1280, 2856) d=0 taskParent=-1},
08-28 01:40:52.969   695   721 V WindowManager:         {m=TO_BACK f=IS_WALLPAPER leash=Surface(name=WallpaperWindowToken{f23aa96 showWhenLocked=false})/@0x4922980 sb=Rect(0, 0 - 1280, 2856) eb=Rect(0, 0 - 1280, 2856) epz=Point(1280, 2856) d=0}
08-28 01:40:52.969   695   721 V WindowManager:     ]}
08-28 01:40:52.969   695   724 W IPCThreadState: Sending oneway calls to frozen process.
08-28 01:40:52.969   695   724 W IPCThreadState: Sending oneway calls to frozen process.
08-28 01:40:52.969   695   724 W IPCThreadState: Sending oneway calls to frozen process.
08-28 01:40:52.970   695   886 D BackgroundInstallControlService: Package event received: 0
08-28 01:40:52.970   695   724 W IPCThreadState: Sending oneway calls to frozen process.
08-28 01:40:52.970   695   724 W IPCThreadState: Sending oneway calls to frozen process.
08-28 01:40:52.970   695   724 W IPCThreadState: Sending oneway calls to frozen process.
08-28 01:40:52.970   928   981 V WindowManagerShell: onTransitionReady (#47) android.os.BinderProxy@6741dd8: {id=47 t=OPEN f=0x0 trk=0 r=[0@Point(0, 0)] c=[
08-28 01:40:52.970   928   981 V WindowManagerShell:         {m=TO_FRONT f=MOVE_TO_TOP leash=Surface(name=Task=19)/@0x38ccff0 sb=Rect(0, 0 - 1280, 2856) eb=Rect(0, 0 - 1280, 2856) epz=Point(1280, 2856) d=0 taskParent=-1},
08-28 01:40:52.970   928   981 V WindowManagerShell:         {m=TO_BACK f=SHOW_WALLPAPER leash=Surface(name=Task=1)/@0xdefd969 sb=Rect(0, 0 - 1280, 2856) eb=Rect(0, 0 - 1280, 2856) epz=Point(1280, 2856) d=0 taskParent=-1},
08-28 01:40:52.970   928   981 V WindowManagerShell:         {m=TO_BACK f=IS_WALLPAPER leash=Surface(name=WallpaperWindowToken{f23aa96 showWhenLocked=false})/@0x393bfee sb=Rect(0, 0 - 1280, 2856) eb=Rect(0, 0 - 1280, 2856) epz=Point(1280, 2856) d=0}
08-28 01:40:52.970   928   981 V WindowManagerShell:     ]}
08-28 01:40:52.971   695   724 W IPCThreadState: Sending oneway calls to frozen process.
08-28 01:40:52.971   928   981 V WindowManagerShell: Playing animation for (#47) android.os.BinderProxy@6741dd8@0
08-28 01:40:52.971   928   981 V WindowManagerShell:  try firstHandler com.android.wm.shell.transition.DefaultMixedHandler@76f16da
08-28 01:40:52.971   695   724 W IPCThreadState: Sending oneway calls to frozen process.
08-28 01:40:52.971   928   981 V WindowManagerShell: Mixed transition for opening an intent with a remote transition and PIP or Desktop #47
08-28 01:40:52.971   928   981 V WindowManagerShell: tryAnimateOpenIntentWithRemoteAndPipOrDesktop
08-28 01:40:52.971   928   981 V WindowManagerShell:  Delegate animation for (#47) to RemoteTransition { remoteTransition = android.window.IRemoteTransition$Stub$Proxy@1f93f84, appThread = android.app.IApplicationThread$Stub$Proxy@c92736d, debugName = QuickstepLaunch }
08-28 01:40:52.971   695   724 W IPCThreadState: Sending oneway calls to frozen process.
08-28 01:40:52.971   695   724 W IPCThreadState: Sending oneway calls to frozen process.
08-28 01:40:52.971   695   724 W IPCThreadState: Sending oneway calls to frozen process.
08-28 01:40:52.972   695   724 W IPCThreadState: Sending oneway calls to frozen process.
08-28 01:40:52.972   928   981 V WindowManagerShell:  animated by firstHandler
08-28 01:40:52.972   695   724 W IPCThreadState: Sending oneway calls to frozen process.
08-28 01:40:52.972   695   724 W IPCThreadState: Sending oneway calls to frozen process.
08-28 01:40:52.972   695   724 W IPCThreadState: Sending oneway calls to frozen process.
08-28 01:40:52.972   695   724 W IPCThreadState: Sending oneway calls to frozen process.
08-28 01:40:52.973   695   724 W IPCThreadState: Sending oneway calls to frozen process.
08-28 01:40:52.973   695   724 W IPCThreadState: Sending oneway calls to frozen process.
08-28 01:40:52.973   695   724 W IPCThreadState: Sending oneway calls to frozen process.
08-28 01:40:52.973   695   724 W IPCThreadState: Sending oneway calls to frozen process.
08-28 01:40:52.973   695   724 W IPCThreadState: Sending oneway calls to frozen process.
08-28 01:40:52.973   695   724 W IPCThreadState: Sending oneway calls to frozen process.
08-28 01:40:52.973   695   724 W IPCThreadState: Sending oneway calls to frozen process.
08-28 01:40:52.973   695   724 W IPCThreadState: Sending oneway calls to frozen process.
08-28 01:40:52.976   695   886 D BackgroundInstallControlService: Package event received: 0
08-28 01:40:52.976   695   886 D BackgroundInstallControlService: Package event received: 0
08-28 01:40:52.976   695   886 D BackgroundInstallControlService: Package event received: 0
08-28 01:40:52.976   695   886 D BackgroundInstallControlService: Package event received: 0
08-28 01:40:52.977  1097  1097 D BaseDepthController: mSurface is null and mCurrentBlur is: 0
08-28 01:40:52.977  1097  1097 D BaseDepthController: mSurface is null and mCurrentBlur is: 0
08-28 01:40:52.978   695   886 D BackgroundInstallControlService: Package event received: 0
08-28 01:40:52.984  1097  1097 D BaseDepthController: mSurface is null and mCurrentBlur is: 0
08-28 01:40:52.998   695   769 D ActivityManager: sync unfroze 1441 com.google.android.gms for 6
08-28 01:40:53.009   695   886 D BackgroundInstallControlService: Package event received: 0
08-28 01:40:53.027   695   886 D BackgroundInstallControlService: Package event received: 0
08-28 01:40:53.027  1441  1441 D BoundBrokerSvc: onBind: Intent { act=com.google.android.gms.measurement.START xflg=0x4 pkg=com.google.android.gms }
08-28 01:40:53.028  1441  1441 D BoundBrokerSvc: Loading bound service for intent: Intent { act=com.google.android.gms.measurement.START xflg=0x4 pkg=com.google.android.gms }
08-28 01:40:53.032   695  1170 W ProcessStats: Tracking association SourceState{70ad893 host.exp.exponent/10218 BTop #3010} whose proc state 2 is better than process ProcessState{e1eda67 com.google.android.gms/10148 pkg=com.google.android.gms} proc state 14 (29 skipped)
08-28 01:40:53.034  1097  1097 D BaseDepthController: mSurface is null and mCurrentBlur is: 0
08-28 01:40:53.046  4899  4919 I TRuntime.CctTransportBackend: Making request to: https://firebaselogging-pa.googleapis.com/v1/firelog/legacy/batchlog
08-28 01:40:53.058  1097  1097 D BaseDepthController: mSurface is null and mCurrentBlur is: 0
08-28 01:40:53.073  1097  1097 D BaseDepthController: mSurface is null and mCurrentBlur is: 0
08-28 01:40:53.076   695  1740 W HWUI    : Image decoding logging dropped!
08-28 01:40:53.093  1097  1097 D BaseDepthController: mSurface is null and mCurrentBlur is: 0
08-28 01:40:53.094   695   805 I ImeTracker: host.exp.exponent:ea49f286: onRequestHide at ORIGIN_SERVER reason HIDE_UNSPECIFIED_WINDOW fromUser false
08-28 01:40:53.095  4899  4899 D InsetsController: hide(ime(), fromIme=false)
08-28 01:40:53.095  4899  4899 I ImeTracker: host.exp.exponent:ea49f286: onCancelled at PHASE_CLIENT_ALREADY_HIDDEN
08-28 01:40:53.098  1340  1340 I GoogleInputMethodService: GoogleInputMethodService.onFinishInput():2054 
08-28 01:40:53.099  1340  1340 I Module  : DeviceLockedStatusModuleProvider$Module.updateDeviceLockedStatus():100 repeatCheckTimes = 0, locked = false
08-28 01:40:53.100  1340  1340 I GoogleInputMethodService: GoogleInputMethodService.onStartInput():1315 onStartInput(EditorInfo{EditorInfo{packageName=host.exp.exponent, inputType=0, inputTypeString=NULL, enableLearning=false, autoCorrection=false, autoComplete=false, imeOptions=0, privateImeOptions=null, actionName=UNSPECIFIED, actionLabel=null, initialSelStart=-1, initialSelEnd=-1, initialCapsMode=0, label=null, fieldId=0, fieldName=null, extras=null, hintText=null, hintLocales=[]}}, false)
08-28 01:40:53.101   695  1724 I ImeTracker: system_server:dd84d0df: onRequestHide at ORIGIN_SERVER reason IME_REQUESTED_CHANGED_LISTENER fromUser false
08-28 01:40:53.102   695   724 I ImeTracker: system_server:dd84d0df: onCancelled at PHASE_SERVER_SHOULD_HIDE
08-28 01:40:53.102  1340  1340 I Module  : DeviceLockedStatusModuleProvider$Module.updateDeviceLockedStatus():100 repeatCheckTimes = 1, locked = false
08-28 01:40:53.102   695  1724 W PackageConfigPersister: App-specific configuration not found for packageName: host.exp.exponent and userId: 0
08-28 01:40:53.119  1097  1097 D BaseDepthController: mSurface is null and mCurrentBlur is: 0
08-28 01:40:53.137  1097  1097 D BaseDepthController: mSurface is null and mCurrentBlur is: 0
08-28 01:40:53.155  1097  1097 D BaseDepthController: mSurface is null and mCurrentBlur is: 0
08-28 01:40:53.170  1097  1097 D BaseDepthController: mSurface is null and mCurrentBlur is: 0
08-28 01:40:53.188  1097  1097 D BaseDepthController: mSurface is null and mCurrentBlur is: 0
08-28 01:40:53.205  1097  1097 D BaseDepthController: mSurface is null and mCurrentBlur is: 0
08-28 01:40:53.220  1097  1097 D BaseDepthController: mSurface is null and mCurrentBlur is: 0
08-28 01:40:53.239  1097  1097 D BaseDepthController: mSurface is null and mCurrentBlur is: 0
08-28 01:40:53.254  1097  1097 D BaseDepthController: mSurface is null and mCurrentBlur is: 0
08-28 01:40:53.270  1097  1097 D BaseDepthController: mSurface is null and mCurrentBlur is: 0
08-28 01:40:53.288  1097  1097 D BaseDepthController: mSurface is null and mCurrentBlur is: 0
08-28 01:40:53.304  1097  1097 D BaseDepthController: mSurface is null and mCurrentBlur is: 0
08-28 01:40:53.321  1097  1097 D BaseDepthController: mSurface is null and mCurrentBlur is: 0
08-28 01:40:53.340  1097  1097 D BaseDepthController: mSurface is null and mCurrentBlur is: 0
08-28 01:40:53.354  1097  1097 D BaseDepthController: mSurface is null and mCurrentBlur is: 0
08-28 01:40:53.372  1097  1097 D BaseDepthController: mSurface is null and mCurrentBlur is: 0
08-28 01:40:53.388  1097  1097 D BaseDepthController: mSurface is null and mCurrentBlur is: 0
08-28 01:40:53.404  1097  1097 D BaseDepthController: mSurface is null and mCurrentBlur is: 0
08-28 01:40:53.420  1097  1097 D BaseDepthController: mSurface is null and mCurrentBlur is: 0
08-28 01:40:53.454  1097  1097 D BaseDepthController: mSurface is null and mCurrentBlur is: 0
08-28 01:40:53.470  1097  1097 D BaseDepthController: mSurface is null and mCurrentBlur is: 0
08-28 01:40:53.490  1097  1097 D BaseDepthController: mSurface is null and mCurrentBlur is: 0
08-28 01:40:53.506  1097  1097 D BaseDepthController: mSurface is null and mCurrentBlur is: 0
08-28 01:40:53.507  1097  1097 D BaseDepthController: mSurface is null and mCurrentBlur is: 0
08-28 01:40:53.508   928   981 V WindowManagerShell: Transition animation finished (aborted=false), notifying core (#47) android.os.BinderProxy@6741dd8@0
08-28 01:40:53.511   695   721 V WindowManager: Finish Transition (#47): created at 08-28 01:40:52.935 collect-started=0.078ms request-sent=6.772ms started=7.831ms ready=26.518ms sent=30.568ms commit=16.967ms finished=575.013ms
08-28 01:40:53.513   928   981 V WindowManagerShell: Track 0 became idle
08-28 01:40:53.513   928   981 V WindowManagerShell: All active transition animations finished
08-28 01:40:53.520  1097  1097 D b/387844520: getOutlineOffsetX: measured width = 198, mNormalizedIconSize = 182, last updated width = 198
08-28 01:40:53.521  1097  1097 D VRI[NexusLauncherActivity]: visibilityChanged oldVisibility=true newVisibility=false
08-28 01:40:53.522  1097  1097 D BaseDepthController: setSurface:
08-28 01:40:53.522  1097  1097 D BaseDepthController: 	mWaitingOnSurfaceValidity: false
08-28 01:40:53.522  1097  1097 D BaseDepthController: 	mBaseSurface: null
08-28 01:40:53.522  1097  1097 D BaseDepthController: mSurface is null and mCurrentBlur is: 0
08-28 01:40:53.523  1097  1097 D StateManager: goToState - fromState: Normal, toState: Normal, partial trace:
08-28 01:40:53.523  1097  1097 D StateManager: 	at com.android.launcher3.statemanager.StateManager.moveToRestState(go/retraceme 72a59688580715d19f0e415c69e80376c2f062d1648c80db6730905005a27c20:4)
08-28 01:40:53.523  1097  1097 D StateManager: 	at com.android.launcher3.statemanager.StateManager.moveToRestState(go/retraceme 72a59688580715d19f0e415c69e80376c2f062d1648c80db6730905005a27c20:1)
08-28 01:40:53.523  1097  1097 D StateManager: 	at com.android.launcher3.statemanager.StatefulActivity.onStop(go/retraceme 72a59688580715d19f0e415c69e80376c2f062d1648c80db6730905005a27c20:34)
08-28 01:40:53.523  1097  1097 D StatsLog: LAUNCHER_ONSTOP
08-28 01:40:53.524  1097  1097 D StatsLog: LAUNCHER_GOOGLE_SEARCH_RESTORE_LIST_SIZE_AFTER_ACTIVITY_RESTART
08-28 01:40:53.524  1097  1097 D NexusLauncherModelDelegate: notifySmartspaceEvent: SmartspaceTargetEvent{mSmartspaceTarget=null, mSmartspaceActionId='null', mEventType=7}
08-28 01:40:53.525  1097  1097 D NexusLauncherModelDelegate: notifySmartspaceEvent: SmartspaceTargetEvent{mSmartspaceTarget=null, mSmartspaceActionId='null', mEventType=7}
08-28 01:40:53.530   695   886 D BackgroundInstallControlService: Package event received: 0
08-28 01:40:54.988  4899  4919 I TRuntime.CctTransportBackend: Status Code: 200
08-28 01:40:55.018   695   769 D CompatChangeReporter: Compat change id reported: 311208629; UID 10218; state: ENABLED
08-28 01:40:55.945   695  1531 E TaskPersister: File error accessing recents directory (directory doesn't exist?).
08-28 01:40:55.980   487  4619 D android.hardware.audio@7.1-impl.ranchu: threadLoop: entering standby, frames: 1192448
08-28 01:40:55.980   487  4619 D android.hardware.audio@7.1-impl.ranchu: ~TinyalsaSink: joining consumeThread
08-28 01:40:55.994   487  5839 D android.hardware.audio@7.1-impl.ranchu: consumeThread: exiting
08-28 01:40:55.995   487  4619 D android.hardware.audio@7.1-impl.ranchu: ~TinyalsaSink: stopping PCM stream
08-28 01:40:56.212   695   769 W ActivityTaskManager: callingPackage for (uid=2000, pid=5853) has no WPC
08-28 01:40:56.213   695   769 V GrammaticalInflectionUtils: AttributionSource: android.content.AttributionSource@5d34a029 does not have READ_SYSTEM_GRAMMATICAL_GENDER permission.
08-28 01:40:56.213   695   769 W OptProp : Cannot read opt property android.window.PROPERTY_COMPAT_ALLOW_USER_ASPECT_RATIO_OVERRIDE
08-28 01:40:56.213   695   769 W OptProp : Cannot read opt property android.window.PROPERTY_COMPAT_ALLOW_USER_ASPECT_RATIO_FULLSCREEN_OVERRIDE
08-28 01:40:56.213   695   769 W OptProp : Cannot read opt property android.window.PROPERTY_COMPAT_ALLOW_RESIZEABLE_ACTIVITY_OVERRIDES
08-28 01:40:56.213   695   769 W OptProp : Cannot read opt property android.window.PROPERTY_COMPAT_ALLOW_MIN_ASPECT_RATIO_OVERRIDE
08-28 01:40:56.216   695   769 W OptProp : Cannot read opt property android.window.PROPERTY_COMPAT_ALLOW_ORIENTATION_OVERRIDE
08-28 01:40:56.217   550   584 I BpBinder: onLastStrongRef automatically unlinking death recipients: 
08-28 01:40:56.218   928  1005 I ndroid.systemui: AssetManager2(0x7a5310c41198) locale list changing from [] to [en-US]
08-28 01:40:56.221   695   769 I ActivityTaskManager: START u0 {flg=0x30000000 xflg=0x5 cmp=com.estebanhorn.metronomo/.MainActivity} with LAUNCH_SINGLE_TASK from uid 2000 (BAL_ALLOW_PERMISSION) result code=0
08-28 01:40:56.222   928   981 V WindowManagerShell: Transition requested (#48): android.os.BinderProxy@ee6009e TransitionRequestInfo { type = OPEN, triggerTask = TaskInfo{userId=0 taskId=21 effectiveUid=10219 displayId=0 isRunning=true baseIntent=Intent { flg=0x30000000 cmp=com.estebanhorn.metronomo/.MainActivity } baseActivity=ComponentInfo{com.estebanhorn.metronomo/com.estebanhorn.metronomo.MainActivity} topActivity=ComponentInfo{com.estebanhorn.metronomo/com.estebanhorn.metronomo.MainActivity} origActivity=null realActivity=ComponentInfo{com.estebanhorn.metronomo/com.estebanhorn.metronomo.MainActivity} numActivities=1 lastActiveTime=2587698 supportsMultiWindow=true resizeMode=1 isResizeable=true minWidth=-1 minHeight=-1 defaultMinSize=220 token=WCT{android.window.IWindowContainerToken$Stub$Proxy@452977f} topActivityType=1 pictureInPictureParams=null shouldDockBigOverlays=false launchIntoPipHostTaskId=-1 lastParentTaskIdBeforePip=-1 displayCutoutSafeInsets=Rect(0, 156 - 0, 0) topActivityInfo=ActivityInfo{c8d634c com.estebanhorn.metronomo.MainActivity} launchCookies=[] positionInParent=Point(0, 0) parentTaskId=-1 isFocused=false isVisible=false isVisibleRequested=false isTopActivityNoDisplay=false isSleeping=false locusId=null displayAreaFeatureId=1 isTopActivityTransparent=false isActivityStackTransparent=false lastNonFullscreenBounds=Rect(329, 830 - 952, 2110) capturedLink=null capturedLinkTimestamp=0 requestedVisibleTypes=-9 topActivityRequestOpenInBrowserEducationTimestamp=0 appCompatTaskInfo=AppCompatTaskInfo { topActivityInSizeCompat=false eligibleForLetterboxEducation= false isLetterboxEducationEnabled= true isLetterboxDoubleTapEnabled= false eligibleForUserAspectRatioButton= false topActivityBoundsLetterboxed= false isFromLetterboxDoubleTap= false topActivityLetterboxVerticalPosition= -1 topActivityLetterboxHorizontalPosition= -1 topActivityLetterboxWidth=-1 topActivityLetterboxHeight=-1 topActivityAppBounds=Rect(0, 0 - 1280, 2856) isUserFullscreenOverrideEnabled=false isSystemFullscreenOverrideEnabled=false hasMinAspectRatioOverride=false topActivityLetterboxBounds=null cameraCompatTaskInfo=CameraCompatTaskInfo { freeformCameraCompatMode=inactive}} topActivityMainWindowFrame=null}, pipChange = null, remoteTransition = null, displayChange = null, flags = 0, debugId = 48 }
08-28 01:40:56.222   928   981 D ShellSplitScreen: logExit: no-op, mLoggerSessionId is null
08-28 01:40:56.224   928  1006 W HWUI    : Image decoding logging dropped!
08-28 01:40:56.224  4899  4899 W unknown:BridgelessReact: ReactHost{0}.onHostPause()
08-28 01:40:56.224  4899  4899 W unknown:BridgelessReact: ReactContext.onHostPause()
08-28 01:40:56.226  4899  4922 D SessionLifecycleClient: Sending lifecycle 2 to service
08-28 01:40:56.227   605   605 W IPCThreadState: Sending oneway calls to frozen process.
08-28 01:40:56.227  4899  4939 D SessionLifecycleService: Activity backgrounding at 2587703
08-28 01:40:56.229   695   724 V GrammaticalInflectionUtils: AttributionSource: android.content.AttributionSource@5d34a029 does not have READ_SYSTEM_GRAMMATICAL_GENDER permission.
08-28 01:40:56.232   550   550 I BpBinder: onLastStrongRef automatically unlinking death recipients: 
08-28 01:40:56.236   695   886 D BackgroundInstallControlService: Package event received: 0
08-28 01:40:56.240   695  1742 D CoreBackPreview: Window{c734df5 u0 Splash Screen com.estebanhorn.metronomo}: Setting back callback OnBackInvokedCallbackInfo{mCallback=android.window.IOnBackInvokedCallback$Stub$Proxy@26b3218, mPriority=0, mIsAnimationCallback=false, mOverrideBehavior=0}
08-28 01:40:56.242   479   479 D Zygote  : Forked child process 5856
08-28 01:40:56.243   695   731 I ActivityManager: Start proc 5856:com.estebanhorn.metronomo/u0a219 for next-top-activity {com.estebanhorn.metronomo/com.estebanhorn.metronomo.MainActivity}
08-28 01:40:56.244   695   731 I ActivityManager: ProcessObserver broadcast disabled
08-28 01:40:56.294   928  5562 V WindowManagerShell: onTransitionReady(transaction=2985002272506)
08-28 01:40:56.301   928   981 V WindowManagerShell: onTransitionReady (#48) android.os.BinderProxy@ee6009e: {id=48 t=OPEN f=0x0 trk=0 r=[0@Point(0, 0)] c=[
08-28 01:40:56.301   928   981 V WindowManagerShell:         {m=OPEN f=NONE leash=Surface(name=Task=21)/@0x5865e6f sb=Rect(0, 0 - 1280, 2856) eb=Rect(0, 0 - 1280, 2856) epz=Point(1280, 2856) d=0 taskParent=-1},
08-28 01:40:56.301   928   981 V WindowManagerShell:         {m=TO_BACK f=NONE leash=Surface(name=Task=19)/@0x3d6377c sb=Rect(0, 0 - 1280, 2856) eb=Rect(0, 0 - 1280, 2856) epz=Point(1280, 2856) d=0 taskParent=-1}
08-28 01:40:56.301   928   981 V WindowManagerShell:     ]}
08-28 01:40:56.301   928   981 V WindowManagerShell: Playing animation for (#48) android.os.BinderProxy@ee6009e@0
08-28 01:40:56.301   928   981 V ShellRecents: RecentsTransitionHandler.startAnimation: no controller found
08-28 01:40:56.301   928   981 V WindowManagerShell: Transition doesn't have explicit remote, search filters for match for {id=48 t=OPEN f=0x0 trk=0 r=[0@Point(0, 0)] c=[{m=OPEN f=NONE leash=Surface(name=Task=21)/@0x5865e6f sb=Rect(0, 0 - 1280, 2856) eb=Rect(0, 0 - 1280, 2856) epz=Point(1280, 2856) d=0 taskParent=-1},{m=TO_BACK f=NONE leash=Surface(name=Task=19)/@0x3d6377c sb=Rect(0, 0 - 1280, 2856) eb=Rect(0, 0 - 1280, 2856) epz=Point(1280, 2856) d=0 taskParent=-1}]}
08-28 01:40:56.301   928   981 V WindowManagerShell:  Checking filter Pair{{types=[] flags=0x0] notFlags=0x0 checks=[{atype=undefined independent=true modes=[CLOSE,TO_BACK] flags=IN_TASK_WITH_EMBEDDED_ACTIVITY mustBeTask=false order=ANY topActivity=null launchCookie=null taskFragmentToken=android.os.BinderProxy@ea19aa6 windowingMode=undefined}]} RemoteTransition { remoteTransition = android.window.IRemoteTransition$Stub$Proxy@a519ce7, appThread = android.app.IApplicationThread$Stub$Proxy@4386094, debugName = overlayBackTransition }}
08-28 01:40:56.302   928   981 V WindowManagerShell:  Checking filter Pair{{types=[] flags=0x0] notFlags=0x0 checks=[{atype=dream independent=true modes=[OPEN,TO_FRONT] flags=NONE mustBeTask=false order=ANY topActivity=null launchCookie=null windowingMode=undefined},{atype=home independent=true modes=[CLOSE,TO_BACK] flags=NONE mustBeTask=false order=ANY topActivity=null launchCookie=null windowingMode=undefined}]} RemoteTransition { remoteTransition = android.window.IRemoteTransition$Stub$Proxy@fe6673d, appThread = android.app.IApplicationThread$Stub$Proxy@ebcbb32, debugName = LauncherToDream }}
08-28 01:40:56.302   928   981 V WindowManagerShell:  Checking filter Pair{{types=[] flags=0x0] notFlags=0x100 checks=[{atype=home independent=true modes=[OPEN,TO_FRONT] flags=NONE mustBeTask=false order=TOP topActivity=ComponentInfo{com.google.android.apps.nexuslauncher/com.google.android.apps.nexuslauncher.NexusLauncherActivity} launchCookie=null windowingMode=undefined},{atype=standard independent=true modes=[CLOSE,TO_BACK] flags=NONE mustBeTask=false order=ANY topActivity=null launchCookie=null windowingMode=undefined},{NOT atype=undefined independent=true modes=[] flags=NONE mustBeTask=true order=ANY topActivity=null launchCookie=null customAnim=true windowingMode=undefined}]} RemoteTransition { remoteTransition = android.window.IRemoteTransition$Stub$Proxy@2112083, appThread = android.app.IApplicationThread$Stub$Proxy@184f200, debugName = QuickstepLaunchHome }}
08-28 01:40:56.302   928   981 V WindowManagerShell:  Delegate animation for (#48) to null
08-28 01:40:56.302   928   981 V WindowManagerShell: start default transition animation, info = {id=48 t=OPEN f=0x0 trk=0 r=[0@Point(0, 0)] c=[{m=OPEN f=NONE leash=Surface(name=Task=21)/@0x5865e6f sb=Rect(0, 0 - 1280, 2856) eb=Rect(0, 0 - 1280, 2856) epz=Point(1280, 2856) d=0 taskParent=-1},{m=TO_BACK f=NONE leash=Surface(name=Task=19)/@0x3d6377c sb=Rect(0, 0 - 1280, 2856) eb=Rect(0, 0 - 1280, 2856) epz=Point(1280, 2856) d=0 taskParent=-1}]}
08-28 01:40:56.302  5856  5856 I nhorn.metronomo: Late-enabling -Xcheck:jni
08-28 01:40:56.303   928   981 V WindowManagerShell: loadAnimation: anim=android.view.animation.AnimationSet@20d4f68 animAttr=0x9 type=OPEN isEntrance=false
08-28 01:40:56.304   928   981 I ndroid.systemui: AssetManager2(0x7a5310c4a478) locale list changing from [] to [en-US]
08-28 01:40:56.315  1441  5845 D AdvertisingIdClient: AdvertisingIdClient already created.
08-28 01:40:56.315  1441  5845 D AdvertisingIdClient: AdvertisingIdClient is not bounded. Starting to bind it...
08-28 01:40:56.319  1441  5845 D AdvertisingIdClient: AdvertisingIdClient is bounded
08-28 01:40:56.322  1441  5845 I AdvertisingIdClient: shouldSendLog 2539439
08-28 01:40:56.322  1441  5845 I AdvertisingIdClient: GetInfoInternal elapse 7ms
08-28 01:40:56.323  5856  5856 I nhorn.metronomo: Using CollectorTypeCMC GC.
08-28 01:40:56.323  5856  5856 W nhorn.metronomo: Unexpected CPU variant for x86: x86_64.
08-28 01:40:56.323  5856  5856 W nhorn.metronomo: Known variants: atom, sandybridge, silvermont, goldmont, goldmont-plus, goldmont-without-sha-xsaves, tremont, kabylake, alderlake, default
08-28 01:40:56.324   695   721 V WindowManager: Sent Transition (#48) createdAt=08-28 01:40:56.213 via request=TransitionRequestInfo { type = OPEN, triggerTask = TaskInfo{userId=0 taskId=21 effectiveUid=10219 displayId=0 isRunning=true baseIntent=Intent { flg=0x30000000 cmp=com.estebanhorn.metronomo/.MainActivity } baseActivity=ComponentInfo{com.estebanhorn.metronomo/com.estebanhorn.metronomo.MainActivity} topActivity=ComponentInfo{com.estebanhorn.metronomo/com.estebanhorn.metronomo.MainActivity} origActivity=null realActivity=ComponentInfo{com.estebanhorn.metronomo/com.estebanhorn.metronomo.MainActivity} numActivities=1 lastActiveTime=2587698 supportsMultiWindow=true resizeMode=1 isResizeable=true minWidth=-1 minHeight=-1 defaultMinSize=220 token=WCT{RemoteToken{a2ba0a9 Task{edb7739 #21 type=standard A=10219:com.estebanhorn.metronomo}}} topActivityType=1 pictureInPictureParams=null shouldDockBigOverlays=false launchIntoPipHostTaskId=-1 lastParentTaskIdBeforePip=-1 displayCutoutSafeInsets=Rect(0, 156 - 0, 0) topActivityInfo=ActivityInfo{b3d162e com.estebanhorn.metronomo.MainActivity} launchCookies=[] positionInParent=Point(0, 0) parentTaskId=-1 isFocused=false isVisible=false isVisibleRequested=false isTopActivityNoDisplay=false isSleeping=false locusId=null displayAreaFeatureId=1 isTopActivityTransparent=false isActivityStackTransparent=false lastNonFullscreenBounds=Rect(329, 830 - 952, 2110) capturedLink=null capturedLinkTimestamp=0 requestedVisibleTypes=-9 topActivityRequestOpenInBrowserEducationTimestamp=0 appCompatTaskInfo=AppCompatTaskInfo { topActivityInSizeCompat=false eligibleForLetterboxEducation= false isLetterboxEducationEnabled= true isLetterboxDoubleTapEnabled= false eligibleForUserAspectRatioButton= false topActivityBoundsLetterboxed= false isFromLetterboxDoubleTap= false topActivityLetterboxVerticalPosition= -1 topActivityLetterboxHorizontalPosition= -1 topActivityLetterboxWidth=-1 topActivityLetterboxHeight=-1 topActivityAppBounds=Rect(0, 0 - 1280, 2856) isUserFullscreenOverrideEnabled=false isSystemFullscreenOverrideEnabled=false hasMinAspectRatioOverride=false topActivityLetterboxBounds=null cameraCompatTaskInfo=CameraCompatTaskInfo { freeformCameraCompatMode=inactive}} topActivityMainWindowFrame=null}, pipChange = null, remoteTransition = null, displayChange = null, flags = 0, debugId = 48 }
08-28 01:40:56.324   695   721 V WindowManager:     startWCT=WindowContainerTransaction { changes= {} hops= [] errorCallbackToken=null taskFragmentOrganizer=null }
08-28 01:40:56.324   695   721 V WindowManager:     info={id=48 t=OPEN f=0x0 trk=0 r=[0@Point(0, 0)] c=[
08-28 01:40:56.324   695   721 V WindowManager:         {WCT{RemoteToken{a2ba0a9 Task{edb7739 #21 type=standard A=10219:com.estebanhorn.metronomo}}} m=OPEN f=NONE leash=Surface(name=Task=21)/@0x1261256 sb=Rect(0, 0 - 1280, 2856) eb=Rect(0, 0 - 1280, 2856) epz=Point(1280, 2856) d=0 taskParent=-1},
08-28 01:40:56.324   695   721 V WindowManager:         {WCT{RemoteToken{497b069 Task{38841ec #19 type=standard A=10218:host.exp.exponent}}} m=TO_BACK f=NONE leash=Surface(name=Task=19)/@0x2bf3f33 sb=Rect(0, 0 - 1280, 2856) eb=Rect(0, 0 - 1280, 2856) epz=Point(1280, 2856) d=0 taskParent=-1}
08-28 01:40:56.324   695   721 V WindowManager:     ]}
08-28 01:40:56.327   560   577 I adbd    : jdwp connection from 5856
08-28 01:40:56.328   928   981 I ndroid.systemui: AssetManager2(0x7a5310c43718) locale list changing from [] to [en-US]
08-28 01:40:56.357  5856  5856 D nativeloader: Load libframework-connectivity-tiramisu-jni.so using APEX ns com_android_tethering for caller /apex/com.android.tethering/javalib/framework-connectivity-t.jar: ok
08-28 01:40:56.368  1097  1106 W System  : A resource failed to call release. 
08-28 01:40:56.368  1097  1106 W System  : A resource failed to call release. 
08-28 01:40:56.368  1097  1106 W System  : A resource failed to call release. 
08-28 01:40:56.378   695   886 D BackgroundInstallControlService: Package event received: 0
08-28 01:40:56.385   928   981 V WindowManagerShell: loadAnimation: anim=android.view.animation.AnimationSet@7f58c75 animAttr=0x8 type=OPEN isEntrance=true
08-28 01:40:56.389   928   981 V WindowManagerShell:  animated by com.android.wm.shell.transition.DefaultTransitionHandler@10d6111
08-28 01:40:56.398   503   549 I RanchuHwc: logCompositionFallbackIfChanged: layer 98 CompositionType fallback from 3 to 1
08-28 01:40:56.585  5856  5856 D nativeloader: Configuring clns-9 for other apk /data/app/~~V4TQBWXyVSgW8N7HFiCZmg==/com.estebanhorn.metronomo--agS5uMAk9uAq8aYcmeNBA==/base.apk. target_sdk_version=35, uses_libraries=, library_path=/data/app/~~V4TQBWXyVSgW8N7HFiCZmg==/com.estebanhorn.metronomo--agS5uMAk9uAq8aYcmeNBA==/lib/x86_64:/data/app/~~V4TQBWXyVSgW8N7HFiCZmg==/com.estebanhorn.metronomo--agS5uMAk9uAq8aYcmeNBA==/base.apk!/lib/x86_64, permitted_path=/data:/mnt/expand:/data/user/0/com.estebanhorn.metronomo
08-28 01:40:56.590  5856  5856 D CompatChangeReporter: Compat change id reported: 202956589; UID 10219; state: ENABLED
08-28 01:40:56.593  5856  5856 I nhorn.metronomo: AssetManager2(0x7a5310c09a18) locale list changing from [] to [en-US]
08-28 01:40:56.604  5856  5856 V GraphicsEnvironment: Currently set values for:
08-28 01:40:56.604  5856  5856 V GraphicsEnvironment:   angle_gl_driver_selection_pkgs=[]
08-28 01:40:56.604  5856  5856 V GraphicsEnvironment:   angle_gl_driver_selection_values=[]
08-28 01:40:56.604  5856  5856 V GraphicsEnvironment: com.estebanhorn.metronomo is not listed in per-application setting
08-28 01:40:56.605  5856  5856 V GraphicsEnvironment: ANGLE allowlist from config: com.dreamgames.royalmatch com.dts.freefiremax com.dxx.firenow com.gramgames.mergedragons com.ludo.king com.mojang.minecraftpe com.my.defense com.nintendo.zaka com.os.airforce com.playrix.fishdomdd.gplay io.teslatech.callbreak jp.konami.prospia net.peakgames.toonblast
08-28 01:40:56.605  5856  5856 V GraphicsEnvironment: com.estebanhorn.metronomo is not listed in ANGLE allowlist or settings, returning default
08-28 01:40:56.605  5856  5856 V GraphicsEnvironment: Neither updatable production driver nor prerelease driver is supported.
08-28 01:40:56.852  5856  5856 D CompatChangeReporter: Compat change id reported: 279646685; UID 10219; state: ENABLED
08-28 01:40:56.869  5856  5856 W SoLoader: Initializing SoLoader: 0
08-28 01:40:56.872  5856  5856 W SoLoader: Recording new base apk path: /data/app/~~V4TQBWXyVSgW8N7HFiCZmg==/com.estebanhorn.metronomo--agS5uMAk9uAq8aYcmeNBA==/base.apk
08-28 01:40:56.872  5856  5856 W SoLoader: Previously recorded 0 base apk paths.
08-28 01:40:56.876  5856  5856 D CompatChangeReporter: Compat change id reported: 312399441; UID 10219; state: ENABLED
08-28 01:40:56.876  5856  5856 I SoLoader: Preparing SO source: DirectorySoSource[root = /vendor/lib64 flags = 2]
08-28 01:40:56.876  5856  5856 I SoLoader: Preparing SO source: DirectorySoSource[root = /system/lib64 flags = 2]
08-28 01:40:56.876  5856  5856 I SoLoader: Preparing SO source: DirectApkSoSource[root = [/data/app/~~V4TQBWXyVSgW8N7HFiCZmg==/com.estebanhorn.metronomo--agS5uMAk9uAq8aYcmeNBA==/base.apk!/lib/x86_64]]
08-28 01:40:56.899   928   981 V WindowManagerShell: Transition animation finished (aborted=false), notifying core (#48) android.os.BinderProxy@ee6009e@0
08-28 01:40:56.900   695   721 V WindowManager: Finish Transition (#48): created at 08-28 01:40:56.213 collect-started=0.07ms request-sent=6.851ms started=10.53ms ready=77.927ms sent=79.586ms commit=105.015ms finished=686.098ms
08-28 01:40:56.902  4899  4899 D VRI[HomeActivity]: visibilityChanged oldVisibility=true newVisibility=false
08-28 01:40:56.904   928   981 V WindowManagerShell: Track 0 became idle
08-28 01:40:56.904   928   981 V WindowManagerShell: All active transition animations finished
08-28 01:40:56.912   695  3739 W HWUI    : Failed to choose config with EGL_SWAP_BEHAVIOR_PRESERVED, retrying without...
08-28 01:40:56.912   695  3739 W HWUI    : Failed to initialize 101010-2 format, error = EGL_SUCCESS
08-28 01:40:56.932  5856  5856 I SoLoader: Preparing SO source: ApplicationSoSource[DirectorySoSource[root = /data/app/~~V4TQBWXyVSgW8N7HFiCZmg==/com.estebanhorn.metronomo--agS5uMAk9uAq8aYcmeNBA==/lib/x86_64 flags = 0]]
08-28 01:40:56.932  5856  5856 I SoLoader: init finish: 4 SO sources prepared
08-28 01:40:56.932  5856  5856 W SoLoader: SoLoader initialized: 8
08-28 01:40:56.995  5856  5856 D nativeloader: Load /data/app/~~V4TQBWXyVSgW8N7HFiCZmg==/com.estebanhorn.metronomo--agS5uMAk9uAq8aYcmeNBA==/base.apk!/lib/x86_64/libc++_shared.so using class loader ns clns-9 (caller=/data/app/~~V4TQBWXyVSgW8N7HFiCZmg==/com.estebanhorn.metronomo--agS5uMAk9uAq8aYcmeNBA==/base.apk): ok
08-28 01:40:57.009  5856  5856 D nativeloader: Load /data/app/~~V4TQBWXyVSgW8N7HFiCZmg==/com.estebanhorn.metronomo--agS5uMAk9uAq8aYcmeNBA==/base.apk!/lib/x86_64/libjsi.so using class loader ns clns-9 (caller=/data/app/~~V4TQBWXyVSgW8N7HFiCZmg==/com.estebanhorn.metronomo--agS5uMAk9uAq8aYcmeNBA==/base.apk): ok
08-28 01:40:57.016  5856  5856 D nativeloader: Load /data/app/~~V4TQBWXyVSgW8N7HFiCZmg==/com.estebanhorn.metronomo--agS5uMAk9uAq8aYcmeNBA==/base.apk!/lib/x86_64/libfbjni.so using class loader ns clns-9 (caller=/data/app/~~V4TQBWXyVSgW8N7HFiCZmg==/com.estebanhorn.metronomo--agS5uMAk9uAq8aYcmeNBA==/base.apk): ok
08-28 01:40:57.027  5856  5856 D nativeloader: Load /data/app/~~V4TQBWXyVSgW8N7HFiCZmg==/com.estebanhorn.metronomo--agS5uMAk9uAq8aYcmeNBA==/base.apk!/lib/x86_64/libreactnative.so using class loader ns clns-9 (caller=/data/app/~~V4TQBWXyVSgW8N7HFiCZmg==/com.estebanhorn.metronomo--agS5uMAk9uAq8aYcmeNBA==/base.apk): ok
08-28 01:40:57.027  5856  5856 D jni_lib_merge: Entering merged library JNI_OnLoad.
08-28 01:40:57.027  5856  5856 D jni_lib_merge: Preparing 11 pre-merged libs (including stub)
08-28 01:40:57.027  5856  5856 D jni_lib_merge: Preparing to register libfabricjni_so.  onload_func: 0x7a5090777250
08-28 01:40:57.027  5856  5856 D jni_lib_merge: Preparing to register libreact_devsupportjni_so.  onload_func: 0x7a50909d0420
08-28 01:40:57.028  5856  5856 D jni_lib_merge: Preparing to register libreact_featureflagsjni_so.  onload_func: 0x7a50909dc5b0
08-28 01:40:57.028  5856  5856 D jni_lib_merge: Preparing to register libreact_newarchdefaults_so.  onload_func: 0x7a5090a502b0
08-28 01:40:57.028  5856  5856 D jni_lib_merge: Preparing to register libreactnativeblob_so.  onload_func: 0x7a5090c629c0
08-28 01:40:57.028  5856  5856 D jni_lib_merge: Preparing to register libreactnativejni_so.  onload_func: 0x7a5090cbf340
08-28 01:40:57.028  5856  5856 D jni_lib_merge: Preparing to register librninstance_so.  onload_func: 0x7a5090d0afe0
08-28 01:40:57.028  5856  5856 D jni_lib_merge: Preparing to register libturbomodulejsijni_so.  onload_func: 0x7a5090e4e020
08-28 01:40:57.028  5856  5856 D jni_lib_merge: Preparing to register libuimanagerjni_so.  onload_func: 0x7a5090e69450
08-28 01:40:57.028  5856  5856 D jni_lib_merge: Preparing to register libyoga_so.  onload_func: 0x7a5090e774b0
08-28 01:40:57.028  5856  5856 D jni_lib_merge: About to register 10 actual methods.
08-28 01:40:57.036  5856  5856 D nativeloader: Load /data/app/~~V4TQBWXyVSgW8N7HFiCZmg==/com.estebanhorn.metronomo--agS5uMAk9uAq8aYcmeNBA==/base.apk!/lib/x86_64/libappmodules.so using class loader ns clns-9 (caller=/data/app/~~V4TQBWXyVSgW8N7HFiCZmg==/com.estebanhorn.metronomo--agS5uMAk9uAq8aYcmeNBA==/base.apk): ok
08-28 01:40:57.039   695  1742 W OptProp : Cannot read opt property android.window.PROPERTY_COMPAT_ENABLE_FAKE_FOCUS
08-28 01:40:57.042   695   886 D BackgroundInstallControlService: Package event received: 0
08-28 01:40:57.042   695   886 D BackgroundInstallControlService: Package event received: 0
08-28 01:40:57.045  5856  5876 I DisplayManager: Choreographer implicitly registered for the refresh rate.
08-28 01:40:57.047  5856  5856 I nhorn.metronomo: AssetManager2(0x7a5310c07df8) locale list changing from [] to [en-US]
08-28 01:40:57.076   695  1724 D WifiNl80211Manager: Scan result ready event
08-28 01:40:57.076   695  1724 D WifiNative: Scan result ready event
08-28 01:40:57.077  1274  2228 I WifiScanner: onFullResults
08-28 01:40:57.077  1274  1803 I WifiScanner: onFullResults
08-28 01:40:57.081   695   833 I HalDevMgr: bestIfaceCreationProposal is null, requestIface=STA, existingIface=[name=wlan0 type=STA]
08-28 01:40:57.086  5856  5876 I EGL_emulation: Opening libGLESv1_CM_emulation.so
08-28 01:40:57.087  5856  5876 I EGL_emulation: Opening libGLESv2_emulation.so
08-28 01:40:57.094  5856  5876 W HWUI    : Failed to choose config with EGL_SWAP_BEHAVIOR_PRESERVED, retrying without...
